Component: Arm Compiler for Embedded 6.19 Tool: armlink [5e73cb00]

==============================================================================

Section Cross References

    startup_stm32l011xx.o(STACK) refers (Special) to heapauxi.o(.text) for __use_two_region_memory
    startup_stm32l011xx.o(HEAP) refers (Special) to heapauxi.o(.text) for __use_two_region_memory
    startup_stm32l011xx.o(RESET) refers (Special) to heapauxi.o(.text) for __use_two_region_memory
    startup_stm32l011xx.o(RESET) refers to startup_stm32l011xx.o(STACK) for __initial_sp
    startup_stm32l011xx.o(RESET) refers to startup_stm32l011xx.o(.text) for Reset_Handler
    startup_stm32l011xx.o(RESET) refers to stm32l0xx_it.o(.text.NMI_Handler) for NMI_Handler
    startup_stm32l011xx.o(RESET) refers to stm32l0xx_it.o(.text.HardFault_Handler) for HardFault_Handler
    startup_stm32l011xx.o(RESET) refers to stm32l0xx_it.o(.text.SVC_Handler) for SVC_Handler
    startup_stm32l011xx.o(RESET) refers to stm32l0xx_it.o(.text.PendSV_Handler) for PendSV_Handler
    startup_stm32l011xx.o(RESET) refers to stm32l0xx_it.o(.text.SysTick_Handler) for SysTick_Handler
    startup_stm32l011xx.o(RESET) refers to stm32l0xx_it.o(.text.RTC_IRQHandler) for RTC_IRQHandler
    startup_stm32l011xx.o(RESET) refers to stm32l0xx_it.o(.text.ADC1_COMP_IRQHandler) for ADC1_COMP_IRQHandler
    startup_stm32l011xx.o(.text) refers (Special) to heapauxi.o(.text) for __use_two_region_memory
    startup_stm32l011xx.o(.text) refers to startup_stm32l011xx.o(STACK) for __initial_sp
    startup_stm32l011xx.o(.text) refers to system_stm32l0xx.o(.text.SystemInit) for SystemInit
    startup_stm32l011xx.o(.text) refers to __main.o(!!!main) for __main
    startup_stm32l011xx.o(.text) refers to startup_stm32l011xx.o(HEAP) for Heap_Mem
    ssd1331.o(.ARM.exidx.text.RGB) refers to ssd1331.o(.text.RGB) for [Anonymous Symbol]
    ssd1331.o(.text.LCD_Command) refers to stm32l0xx_hal_gpio.o(.text.HAL_GPIO_WritePin) for HAL_GPIO_WritePin
    ssd1331.o(.text.LCD_Command) refers to stm32l0xx_hal_spi.o(.text.HAL_SPI_Transmit) for HAL_SPI_Transmit
    ssd1331.o(.text.LCD_Command) refers to main.o(.bss.hspi1) for hspi1
    ssd1331.o(.ARM.exidx.text.LCD_Command) refers to ssd1331.o(.text.LCD_Command) for [Anonymous Symbol]
    ssd1331.o(.text.SSD1331_Frame) refers to stm32l0xx_hal_gpio.o(.text.HAL_GPIO_WritePin) for HAL_GPIO_WritePin
    ssd1331.o(.text.SSD1331_Frame) refers to stm32l0xx_hal_spi.o(.text.HAL_SPI_Transmit) for HAL_SPI_Transmit
    ssd1331.o(.text.SSD1331_Frame) refers to main.o(.bss.hspi1) for hspi1
    ssd1331.o(.ARM.exidx.text.SSD1331_Frame) refers to ssd1331.o(.text.SSD1331_Frame) for [Anonymous Symbol]
    ssd1331.o(.text.LCD_Rect_Fill) refers to ssd1331.o(.text.SSD1331_Frame) for SSD1331_Frame
    ssd1331.o(.ARM.exidx.text.LCD_Rect_Fill) refers to ssd1331.o(.text.LCD_Rect_Fill) for [Anonymous Symbol]
    ssd1331.o(.text.LCD_Line) refers to ssd1331.o(.text.SSD1331_Frame) for SSD1331_Frame
    ssd1331.o(.ARM.exidx.text.LCD_Line) refers to ssd1331.o(.text.LCD_Line) for [Anonymous Symbol]
    ssd1331.o(.text.LCD_Rect) refers to ssd1331.o(.text.LCD_Line) for LCD_Line
    ssd1331.o(.ARM.exidx.text.LCD_Rect) refers to ssd1331.o(.text.LCD_Rect) for [Anonymous Symbol]
    ssd1331.o(.text.LCD_Triangle) refers to ssd1331.o(.text.LCD_Line) for LCD_Line
    ssd1331.o(.ARM.exidx.text.LCD_Triangle) refers to ssd1331.o(.text.LCD_Triangle) for [Anonymous Symbol]
    ssd1331.o(.text.LCD_Triangle_Fill) refers to ssd1331.o(.text.LCD_Line) for LCD_Line
    ssd1331.o(.ARM.exidx.text.LCD_Triangle_Fill) refers to ssd1331.o(.text.LCD_Triangle_Fill) for [Anonymous Symbol]
    ssd1331.o(.text.LCD_Ellipse) refers to ssd1331.o(.text.LCD_Line) for LCD_Line
    ssd1331.o(.text.LCD_Ellipse) refers to ssd1331.o(.text.SSD1331_Frame) for SSD1331_Frame
    ssd1331.o(.ARM.exidx.text.LCD_Ellipse) refers to ssd1331.o(.text.LCD_Ellipse) for [Anonymous Symbol]
    ssd1331.o(.text.LCD_Circle) refers to ssd1331.o(.text.SSD1331_Frame) for SSD1331_Frame
    ssd1331.o(.ARM.exidx.text.LCD_Circle) refers to ssd1331.o(.text.LCD_Circle) for [Anonymous Symbol]
    ssd1331.o(.text.LCD_Circle_Helper) refers to ssd1331.o(.text.SSD1331_Frame) for SSD1331_Frame
    ssd1331.o(.ARM.exidx.text.LCD_Circle_Helper) refers to ssd1331.o(.text.LCD_Circle_Helper) for [Anonymous Symbol]
    ssd1331.o(.text.LCD_Rect_Round) refers to ssd1331.o(.text.LCD_Line) for LCD_Line
    ssd1331.o(.text.LCD_Rect_Round) refers to ssd1331.o(.text.SSD1331_Frame) for SSD1331_Frame
    ssd1331.o(.ARM.exidx.text.LCD_Rect_Round) refers to ssd1331.o(.text.LCD_Rect_Round) for [Anonymous Symbol]
    ssd1331.o(.text.LCD_Circle_Fill_Helper) refers to ssd1331.o(.text.LCD_Line) for LCD_Line
    ssd1331.o(.ARM.exidx.text.LCD_Circle_Fill_Helper) refers to ssd1331.o(.text.LCD_Circle_Fill_Helper) for [Anonymous Symbol]
    ssd1331.o(.text.LCD_Rect_Round_Fill) refers to ssd1331.o(.text.SSD1331_Frame) for SSD1331_Frame
[...]
    Removing stm32l0xx_hal_spi.o(.text.SPI_AbortTx_ISR), (26 bytes).
    Removing stm32l0xx_hal_spi.o(.ARM.exidx.text.SPI_AbortTx_ISR), (8 bytes).
    Removing stm32l0xx_hal_spi.o(.text.SPI_AbortRx_ISR), (100 bytes).
    Removing stm32l0xx_hal_spi.o(.ARM.exidx.text.SPI_AbortRx_ISR), (8 bytes).
    Removing stm32l0xx_hal_spi.o(.text.HAL_SPI_Abort_IT), (328 bytes).
    Removing stm32l0xx_hal_spi.o(.ARM.exidx.text.HAL_SPI_Abort_IT), (8 bytes).
    Removing stm32l0xx_hal_spi.o(.text.SPI_DMATxAbortCallback), (144 bytes).
    Removing stm32l0xx_hal_spi.o(.ARM.exidx.text.SPI_DMATxAbortCallback), (8 bytes).
    Removing stm32l0xx_hal_spi.o(.text.SPI_DMARxAbortCallback), (196 bytes).
    Removing stm32l0xx_hal_spi.o(.ARM.exidx.text.SPI_DMARxAbortCallback), (8 bytes).
    Removing stm32l0xx_hal_spi.o(.text.HAL_SPI_AbortCpltCallback), (2 bytes).
    Removing stm32l0xx_hal_spi.o(.ARM.exidx.text.HAL_SPI_AbortCpltCallback), (8 bytes).
    Removing stm32l0xx_hal_spi.o(.text.HAL_SPI_DMAPause), (34 bytes).
    Removing stm32l0xx_hal_spi.o(.ARM.exidx.text.HAL_SPI_DMAPause), (8 bytes).
    Removing stm32l0xx_hal_spi.o(.text.HAL_SPI_DMAResume), (34 bytes).
    Removing stm32l0xx_hal_spi.o(.ARM.exidx.text.HAL_SPI_DMAResume), (8 bytes).
    Removing stm32l0xx_hal_spi.o(.text.HAL_SPI_DMAStop), (74 bytes).
    Removing stm32l0xx_hal_spi.o(.ARM.exidx.text.HAL_SPI_DMAStop), (8 bytes).
    Removing stm32l0xx_hal_spi.o(.text.HAL_SPI_IRQHandler), (340 bytes).
    Removing stm32l0xx_hal_spi.o(.ARM.exidx.text.HAL_SPI_IRQHandler), (8 bytes).
    Removing stm32l0xx_hal_spi.o(.text.SPI_DMAAbortOnError), (16 bytes).
    Removing stm32l0xx_hal_spi.o(.ARM.exidx.text.SPI_DMAAbortOnError), (8 bytes).
    Removing stm32l0xx_hal_spi.o(.text.HAL_SPI_ErrorCallback), (2 bytes).
    Removing stm32l0xx_hal_spi.o(.ARM.exidx.text.HAL_SPI_ErrorCallback), (8 bytes).
    Removing stm32l0xx_hal_spi.o(.text.HAL_SPI_TxCpltCallback), (2 bytes).
    Removing stm32l0xx_hal_spi.o(.ARM.exidx.text.HAL_SPI_TxCpltCallback), (8 bytes).
    Removing stm32l0xx_hal_spi.o(.text.HAL_SPI_RxCpltCallback), (2 bytes).
    Removing stm32l0xx_hal_spi.o(.ARM.exidx.text.HAL_SPI_RxCpltCallback), (8 bytes).
    Removing stm32l0xx_hal_spi.o(.text.HAL_SPI_TxRxCpltCallback), (2 bytes).
    Removing stm32l0xx_hal_spi.o(.ARM.exidx.text.HAL_SPI_TxRxCpltCallback), (8 bytes).
    Removing stm32l0xx_hal_spi.o(.text.HAL_SPI_TxHalfCpltCallback), (2 bytes).
    Removing stm32l0xx_hal_spi.o(.ARM.exidx.text.HAL_SPI_TxHalfCpltCallback), (8 bytes).
    Removing stm32l0xx_hal_spi.o(.text.HAL_SPI_RxHalfCpltCallback), (2 bytes).
    Removing stm32l0xx_hal_spi.o(.ARM.exidx.text.HAL_SPI_RxHalfCpltCallback), (8 bytes).
    Removing stm32l0xx_hal_spi.o(.text.HAL_SPI_TxRxHalfCpltCallback), (2 bytes).
    Removing stm32l0xx_hal_spi.o(.ARM.exidx.text.HAL_SPI_TxRxHalfCpltCallback), (8 bytes).
    Removing stm32l0xx_hal_spi.o(.text.HAL_SPI_GetState), (6 bytes).
    Removing stm32l0xx_hal_spi.o(.ARM.exidx.text.HAL_SPI_GetState), (8 bytes).
    Removing stm32l0xx_hal_spi.o(.text.HAL_SPI_GetError), (4 bytes).
    Removing stm32l0xx_hal_spi.o(.ARM.exidx.text.HAL_SPI_GetError), (8 bytes).
    Removing stm32l0xx_hal_spi.o(.text.SPI_CloseRxTx_ISR), (224 bytes).
    Removing stm32l0xx_hal_spi.o(.ARM.exidx.text.SPI_CloseRxTx_ISR), (8 bytes).
    Removing stm32l0xx_hal_spi.o(.text.SPI_CloseRx_ISR), (96 bytes).
    Removing stm32l0xx_hal_spi.o(.ARM.exidx.text.SPI_CloseRx_ISR), (8 bytes).
    Removing stm32l0xx_hal_spi.o(.text.SPI_CloseTx_ISR), (212 bytes).
    Removing stm32l0xx_hal_spi.o(.ARM.exidx.text.SPI_CloseTx_ISR), (8 bytes).
    Removing stm32l0xx_hal_spi.o(.ARM.exidx.text.SPI_WaitFlagStateUntilTimeout), (8 bytes).
    Removing stm32l0xx_hal_tim.o(.text), (0 bytes).
    Removing stm32l0xx_hal_tim_ex.o(.text), (0 bytes).
    Removing system_stm32l0xx.o(.text), (0 bytes).
    Removing system_stm32l0xx.o(.ARM.exidx.text.SystemInit), (8 bytes).
    Removing system_stm32l0xx.o(.text.SystemCoreClockUpdate), (172 bytes).
    Removing system_stm32l0xx.o(.ARM.exidx.text.SystemCoreClockUpdate), (8 bytes).
    Removing system_stm32l0xx.o(.rodata.APBPrescTable), (8 bytes).
    Removing segger_rtt.o(.text), (0 bytes).
    Removing segger_rtt.o(.text.SEGGER_RTT_ReadUpBufferNoLock), (216 bytes).
    Removing segger_rtt.o(.ARM.exidx.text.SEGGER_RTT_ReadUpBufferNoLock), (8 bytes).
    Removing segger_rtt.o(.text.SEGGER_RTT_ReadNoLock), (216 bytes).
    Removing segger_rtt.o(.ARM.exidx.text.SEGGER_RTT_ReadNoLock), (8 bytes).
    Removing segger_rtt.o(.text.SEGGER_RTT_ReadUpBuffer), (26 bytes).
    Removing segger_rtt.o(.ARM.exidx.text.SEGGER_RTT_ReadUpBuffer), (8 bytes).
    Removing segger_rtt.o(.text.SEGGER_RTT_Read), (26 bytes).
    Removing segger_rtt.o(.ARM.exidx.text.SEGGER_RTT_Read), (8 bytes).
    Removing segger_rtt.o(.text.SEGGER_RTT_WriteWithOverwriteNoLock), (172 bytes).
    Removing segger_rtt.o(.ARM.exidx.text.SEGGER_RTT_WriteWithOverwriteNoLock), (8 bytes).
    Removing segger_rtt.o(.text.SEGGER_RTT_WriteSkipNoLock), (108 bytes).
    Removing segger_rtt.o(.ARM.exidx.text.SEGGER_RTT_WriteSkipNoLock), (8 bytes).
    Removing segger_rtt.o(.text.SEGGER_RTT_WriteDownBufferNoLock), (292 bytes).
    Removing segger_rtt.o(.ARM.exidx.text.SEGGER_RTT_WriteDownBufferNoLock), (8 bytes).
    Removing segger_rtt.o(.text.SEGGER_RTT_WriteNoLock), (344 bytes).
    Removing segger_rtt.o(.ARM.exidx.text.SEGGER_RTT_WriteNoLock), (8 bytes).
    Removing segger_rtt.o(.text.SEGGER_RTT_WriteDownBuffer), (136 bytes).
    Removing segger_rtt.o(.ARM.exidx.text.SEGGER_RTT_WriteDownBuffer), (8 bytes).
    Removing segger_rtt.o(.text.SEGGER_RTT_Write), (136 bytes).
    Removing segger_rtt.o(.ARM.exidx.text.SEGGER_RTT_Write), (8 bytes).
    Removing segger_rtt.o(.text.SEGGER_RTT_WriteString), (140 bytes).
    Removing segger_rtt.o(.ARM.exidx.text.SEGGER_RTT_WriteString), (8 bytes).
    Removing segger_rtt.o(.text.SEGGER_RTT_PutCharSkipNoLock), (48 bytes).
    Removing segger_rtt.o(.ARM.exidx.text.SEGGER_RTT_PutCharSkipNoLock), (8 bytes).
    Removing segger_rtt.o(.text.SEGGER_RTT_PutCharSkip), (156 bytes).
    Removing segger_rtt.o(.ARM.exidx.text.SEGGER_RTT_PutCharSkip), (8 bytes).
    Removing segger_rtt.o(.text.SEGGER_RTT_PutChar), (176 bytes).
    Removing segger_rtt.o(.ARM.exidx.text.SEGGER_RTT_PutChar), (8 bytes).
    Removing segger_rtt.o(.text.SEGGER_RTT_GetKey), (236 bytes).
    Removing segger_rtt.o(.ARM.exidx.text.SEGGER_RTT_GetKey), (8 bytes).
    Removing segger_rtt.o(.text.SEGGER_RTT_WaitKey), (12 bytes).
    Removing segger_rtt.o(.ARM.exidx.text.SEGGER_RTT_WaitKey), (8 bytes).
    Removing segger_rtt.o(.text.SEGGER_RTT_HasKey), (112 bytes).
    Removing segger_rtt.o(.ARM.exidx.text.SEGGER_RTT_HasKey), (8 bytes).
    Removing segger_rtt.o(.text.SEGGER_RTT_HasData), (20 bytes).
    Removing segger_rtt.o(.ARM.exidx.text.SEGGER_RTT_HasData), (8 bytes).
    Removing segger_rtt.o(.text.SEGGER_RTT_HasDataUp), (20 bytes).
    Removing segger_rtt.o(.ARM.exidx.text.SEGGER_RTT_HasDataUp), (8 bytes).
    Removing segger_rtt.o(.text.SEGGER_RTT_AllocDownBuffer), (180 bytes).
    Removing segger_rtt.o(.ARM.exidx.text.SEGGER_RTT_AllocDownBuffer), (8 bytes).
    Removing segger_rtt.o(.text.SEGGER_RTT_AllocUpBuffer), (180 bytes).
    Removing segger_rtt.o(.ARM.exidx.text.SEGGER_RTT_AllocUpBuffer), (8 bytes).
    Removing segger_rtt.o(.text.SEGGER_RTT_ConfigUpBuffer), (172 bytes).
    Removing segger_rtt.o(.ARM.exidx.text.SEGGER_RTT_ConfigUpBuffer), (8 bytes).
    Removing segger_rtt.o(.text.SEGGER_RTT_ConfigDownBuffer), (172 bytes).
    Removing segger_rtt.o(.ARM.exidx.text.SEGGER_RTT_ConfigDownBuffer), (8 bytes).
    Removing segger_rtt.o(.text.SEGGER_RTT_SetNameUpBuffer), (136 bytes).
    Removing segger_rtt.o(.ARM.exidx.text.SEGGER_RTT_SetNameUpBuffer), (8 bytes).
    Removing segger_rtt.o(.text.SEGGER_RTT_SetNameDownBuffer), (136 bytes).
    Removing segger_rtt.o(.ARM.exidx.text.SEGGER_RTT_SetNameDownBuffer), (8 bytes).
    Removing segger_rtt.o(.text.SEGGER_RTT_SetFlagsUpBuffer), (136 bytes).
    Removing segger_rtt.o(.ARM.exidx.text.SEGGER_RTT_SetFlagsUpBuffer), (8 bytes).
    Removing segger_rtt.o(.text.SEGGER_RTT_SetFlagsDownBuffer), (136 bytes).
    Removing segger_rtt.o(.ARM.exidx.text.SEGGER_RTT_SetFlagsDownBuffer), (8 bytes).
    Removing segger_rtt.o(.text.SEGGER_RTT_Init), (96 bytes).
    Removing segger_rtt.o(.ARM.exidx.text.SEGGER_RTT_Init), (8 bytes).
    Removing segger_rtt.o(.text.SEGGER_RTT_SetTerminal), (332 bytes).
    Removing segger_rtt.o(.ARM.exidx.text.SEGGER_RTT_SetTerminal), (8 bytes).
    Removing segger_rtt.o(.text.SEGGER_RTT_TerminalOut), (1004 bytes).
    Removing segger_rtt.o(.ARM.exidx.text.SEGGER_RTT_TerminalOut), (8 bytes).
    Removing segger_rtt.o(.text.SEGGER_RTT_GetAvailWriteSpace), (36 bytes).
    Removing segger_rtt.o(.ARM.exidx.text.SEGGER_RTT_GetAvailWriteSpace), (8 bytes).
    Removing segger_rtt.o(.text.SEGGER_RTT_GetBytesInBuffer), (32 bytes).
    Removing segger_rtt.o(.ARM.exidx.text.SEGGER_RTT_GetBytesInBuffer), (8 bytes).
    Removing segger_rtt.o(.bss._SEGGER_RTT), (168 bytes).
    Removing segger_rtt.o(.rodata.cst16), (16 bytes).
    Removing segger_rtt.o(.bss._ActiveTerminal), (1 bytes).
    Removing segger_rtt.o(.rodata._DoInit._aInitStr), (17 bytes).
    Removing segger_rtt.o(.rodata.str1.1), (9 bytes).
    Removing segger_rtt.o(.bss._acUpBuffer), (1024 bytes).
    Removing segger_rtt.o(.bss._acDownBuffer), (16 bytes).

887 unused section(s) (total 49523 bytes) removed from the image.

==============================================================================

Image Symbol Table

    Local Symbols

    Symbol Name                              Value     Ov Type        Size  Object(Section)

    ../clib/angel/boardlib.s                 0x00000000   Number         0  boardinit1.o ABSOLUTE
    ../clib/angel/boardlib.s                 0x00000000   Number         0  boardinit2.o ABSOLUTE
    ../clib/angel/boardlib.s                 0x00000000   Number         0  boardinit3.o ABSOLUTE
    ../clib/angel/boardlib.s                 0x00000000   Number         0  boardshut.o ABSOLUTE
    ../clib/angel/handlers.s                 0x00000000   Number         0  __scatter_copy.o ABSOLUTE
    ../clib/angel/handlers.s                 0x00000000   Number         0  __scatter_zi.o ABSOLUTE
    ../clib/angel/kernel.s                   0x00000000   Number         0  __rtentry.o ABSOLUTE
    ../clib/angel/kernel.s                   0x00000000   Number         0  __rtentry2.o ABSOLUTE
    ../clib/angel/kernel.s                   0x00000000   Number         0  __rtentry4.o ABSOLUTE
    ../clib/angel/kernel.s                   0x00000000   Number         0  rtexit.o ABSOLUTE
    ../clib/angel/kernel.s                   0x00000000   Number         0  rtexit2.o ABSOLUTE
    ../clib/angel/rt.s                       0x00000000   Number         0  aeabi_idiv0.o ABSOLUTE
    ../clib/angel/rt.s                       0x00000000   Number         0  aeabi_idiv0_sigfpe.o ABSOLUTE
    ../clib/angel/rt.s                       0x00000000   Number         0  rt_div0.o ABSOLUTE
    ../clib/angel/rt.s                       0x00000000   Number         0  rt_raise.o ABSOLUTE
    ../clib/angel/scatterp.s                 0x00000000   Number         0  __scatter.o ABSOLUTE
    ../clib/angel/startup.s                  0x00000000   Number         0  __main.o ABSOLUTE
    ../clib/angel/sys.s                      0x00000000   Number         0  sys_stackheap_outer.o ABSOLUTE
    ../clib/angel/sys.s                      0x00000000   Number         0  libspace.o ABSOLUTE
    ../clib/angel/sys.s                      0x00000000   Number         0  tempstk.o ABSOLUTE
    ../clib/angel/sys.s                      0x00000000   Number         0  use_no_semi.o ABSOLUTE
    ../clib/angel/sys.s                      0x00000000   Number         0  indicate_semi.o ABSOLUTE
    ../clib/angel/sysapp.c                   0x00000000   Number         0  sys_exit.o ABSOLUTE
    ../clib/angel/sysapp.c                   0x00000000   Number         0  sys_exit_hlt.o ABSOLUTE
    ../clib/angel/sysapp.c                   0x00000000   Number         0  sys_wrch.o ABSOLUTE
    ../clib/angel/sysapp.c                   0x00000000   Number         0  sys_wrch_hlt.o ABSOLUTE
    ../clib/angel/sysapp.c                   0x00000000   Number         0  sys_command.o ABSOLUTE
    ../clib/angel/sysapp.c                   0x00000000   Number         0  sys_command_hlt.o ABSOLUTE
    ../clib/armsys.c                         0x00000000   Number         0  argv_veneer.o ABSOLUTE
    ../clib/armsys.c                         0x00000000   Number         0  _get_argv_nomalloc.o ABSOLUTE
    ../clib/armsys.c                         0x00000000   Number         0  no_argv.o ABSOLUTE
    ../clib/division.c                       0x00000000   Number         0  rtudiv10.o ABSOLUTE
    ../clib/division.s                       0x00000000   Number         0  aeabi_sdivfast.o ABSOLUTE
    ../clib/division.s                       0x00000000   Number         0  aeabi_sdivfast_div0.o ABSOLUTE
    ../clib/heapalloc.c                      0x00000000   Number         0  hrguard.o ABSOLUTE
    ../clib/heapaux.c                        0x00000000   Number         0  heapauxi.o ABSOLUTE
    ../clib/libinit.s                        0x00000000   Number         0  libinit.o ABSOLUTE
    ../clib/libinit.s                        0x00000000   Number         0  libinit2.o ABSOLUTE
    ../clib/libinit.s                        0x00000000   Number         0  libshutdown.o ABSOLUTE
    ../clib/libinit.s                        0x00000000   Number         0  libshutdown2.o ABSOLUTE
    ../clib/memcpset.c                       0x00000000   Number         0  rt_memcpy.o ABSOLUTE
    ../clib/memcpset.c                       0x00000000   Number         0  rt_memcpy.o ABSOLUTE
    ../clib/memcpset.c                       0x00000000   Number         0  rt_memclr.o ABSOLUTE
    ../clib/printf.c                         0x00000000   Number         0  __2sprintf.o ABSOLUTE
    ../clib/printf.c                         0x00000000   Number         0  noretval__2sprintf.o ABSOLUTE
    ../clib/printf.c                         0x00000000   Number         0  __printf.o ABSOLUTE
    ../clib/printf.c                         0x00000000   Number         0  _printf_dec.o ABSOLUTE
    ../clib/printf.c                         0x00000000   Number         0  __printf_flags.o ABSOLUTE
    ../clib/printf.c                         0x00000000   Number         0  __printf_ss.o ABSOLUTE
    ../clib/printf.c                         0x00000000   Number         0  __printf_flags_ss.o ABSOLUTE
    ../clib/printf.c                         0x00000000   Number         0  __printf_wp.o ABSOLUTE
    ../clib/printf.c                         0x00000000   Number         0  __printf_flags_wp.o ABSOLUTE
    ../clib/printf.c                         0x00000000   Number         0  __printf_ss_wp.o ABSOLUTE
    ../clib/printf.c                         0x00000000   Number         0  __printf_flags_ss_wp.o ABSOLUTE
    ../clib/printf.c                         0x00000000   Number         0  _printf_intcommon.o ABSOLUTE
    ../clib/printf.c                         0x00000000   Number         0  _printf_char_common.o ABSOLUTE
    ../clib/printf.c                         0x00000000   Number         0  _sputc.o ABSOLUTE
    ../clib/printf.c                         0x00000000   Number         0  __printf_nopercent.o ABSOLUTE
    ../clib/printf_percent.s                 0x00000000   Number         0  _printf_d.o ABSOLUTE
    ../clib/printf_percent.s                 0x00000000   Number         0  _printf_percent.o ABSOLUTE
    ../clib/printf_percent.s                 0x00000000   Number         0  _printf_percent_end.o ABSOLUTE
    ../clib/signal.c                         0x00000000   Number         0  defsig_fpe_outer.o ABSOLUTE
    ../clib/signal.c                         0x00000000   Number         0  defsig_fpe_formal.o ABSOLUTE
    ../clib/signal.c                         0x00000000   Number         0  defsig_exit.o ABSOLUTE
    ../clib/signal.c                         0x00000000   Number         0  defsig_fpe_inner.o ABSOLUTE
    ../clib/signal.c                         0x00000000   Number         0  __raise.o ABSOLUTE
    ../clib/signal.c                         0x00000000   Number         0  defsig_general.o ABSOLUTE
    ../clib/signal.c                         0x00000000   Number         0  defsig_abrt_inner.o ABSOLUTE
    ../clib/signal.c                         0x00000000   Number         0  defsig_rtred_inner.o ABSOLUTE
    ../clib/signal.c                         0x00000000   Number         0  defsig_rtmem_inner.o ABSOLUTE
    ../clib/signal.c                         0x00000000   Number         0  defsig_rtmem_outer.o ABSOLUTE
    ../clib/signal.c                         0x00000000   Number         0  defsig_rtmem_formal.o ABSOLUTE
    ../clib/signal.c                         0x00000000   Number         0  defsig_stak_inner.o ABSOLUTE
    ../clib/signal.c                         0x00000000   Number         0  defsig_pvfn_inner.o ABSOLUTE
    ../clib/signal.c                         0x00000000   Number         0  defsig_cppl_inner.o ABSOLUTE
    ../clib/signal.c                         0x00000000   Number         0  defsig_segv_inner.o ABSOLUTE
    ../clib/signal.c                         0x00000000   Number         0  defsig_other.o ABSOLUTE
    ../clib/signal.s                         0x00000000   Number         0  defsig.o ABSOLUTE
    ../clib/stdlib.c                         0x00000000   Number         0  exit.o ABSOLUTE
    ../clib/string.c                         0x00000000   Number         0  strlen.o ABSOLUTE
    ../fplib/cfplib/fpinit.c                 0x00000000   Number         0  fpinit.o ABSOLUTE
    SEGGER_RTT.c                             0x00000000   Number         0  segger_rtt.o ABSOLUTE
    dc.s                                     0x00000000   Number         0  dc.o ABSOLUTE
    main.c                                   0x00000000   Number         0  main.o ABSOLUTE
    ssd1331.c                                0x00000000   Number         0  ssd1331.o ABSOLUTE
    startup_stm32l011xx.s                    0x00000000   Number         0  startup_stm32l011xx.o ABSOLUTE
    stm32l0xx_hal.c                          0x00000000   Number         0  stm32l0xx_hal.o ABSOLUTE
    stm32l0xx_hal_adc.c                      0x00000000   Number         0  stm32l0xx_hal_adc.o ABSOLUTE
    stm32l0xx_hal_adc_ex.c                   0x00000000   Number         0  stm32l0xx_hal_adc_ex.o ABSOLUTE
    stm32l0xx_hal_cortex.c                   0x00000000   Number         0  stm32l0xx_hal_cortex.o ABSOLUTE
    stm32l0xx_hal_dma.c                      0x00000000   Number         0  stm32l0xx_hal_dma.o ABSOLUTE
    stm32l0xx_hal_exti.c                     0x00000000   Number         0  stm32l0xx_hal_exti.o ABSOLUTE
    stm32l0xx_hal_flash.c                    0x00000000   Number         0  stm32l0xx_hal_flash.o ABSOLUTE
    stm32l0xx_hal_flash_ex.c                 0x00000000   Number         0  stm32l0xx_hal_flash_ex.o ABSOLUTE
    stm32l0xx_hal_flash_ramfunc.c            0x00000000   Number         0  stm32l0xx_hal_flash_ramfunc.o ABSOLUTE
    stm32l0xx_hal_gpio.c                     0x00000000   Number         0  stm32l0xx_hal_gpio.o ABSOLUTE
    stm32l0xx_hal_i2c.c                      0x00000000   Number         0  stm32l0xx_hal_i2c.o ABSOLUTE
    stm32l0xx_hal_i2c_ex.c                   0x00000000   Number         0  stm32l0xx_hal_i2c_ex.o ABSOLUTE
    stm32l0xx_hal_msp.c                      0x00000000   Number         0  stm32l0xx_hal_msp.o ABSOLUTE
    stm32l0xx_hal_pwr.c                      0x00000000   Number         0  stm32l0xx_hal_pwr.o ABSOLUTE
    stm32l0xx_hal_pwr_ex.c                   0x00000000   Number         0  stm32l0xx_hal_pwr_ex.o ABSOLUTE
    stm32l0xx_hal_rcc.c                      0x00000000   Number         0  stm32l0xx_hal_rcc.o ABSOLUTE
    stm32l0xx_hal_rcc_ex.c                   0x00000000   Number         0  stm32l0xx_hal_rcc_ex.o ABSOLUTE
    stm32l0xx_hal_rtc.c                      0x00000000   Number         0  stm32l0xx_hal_rtc.o ABSOLUTE
    stm32l0xx_hal_rtc_ex.c                   0x00000000   Number         0  stm32l0xx_hal_rtc_ex.o ABSOLUTE
    stm32l0xx_hal_spi.c                      0x00000000   Number         0  stm32l0xx_hal_spi.o ABSOLUTE
    stm32l0xx_hal_tim.c                      0x00000000   Number         0  stm32l0xx_hal_tim.o ABSOLUTE
    stm32l0xx_hal_tim_ex.c                   0x00000000   Number         0  stm32l0xx_hal_tim_ex.o ABSOLUTE
    stm32l0xx_it.c                           0x00000000   Number         0  stm32l0xx_it.o ABSOLUTE
    system_stm32l0xx.c                       0x00000000   Number         0  system_stm32l0xx.o ABSOLUTE
    RESET                                    0x08000000   Section      192  startup_stm32l011xx.o(RESET)
    !!!main                                  0x080000c0   Section        8  __main.o(!!!main)
    !!!scatter                               0x080000c8   Section       60  __scatter.o(!!!scatter)
    !!handler_copy                           0x08000104   Section       26  __scatter_copy.o(!!handler_copy)
    !!handler_zi                             0x08000120   Section       28  __scatter_zi.o(!!handler_zi)
    .ARM.Collect$$_printf_percent$$00000000  0x0800013c   Section        2  _printf_percent.o(.ARM.Collect$$_printf_percent$$00000000)
    .ARM.Collect$$_printf_percent$$00000009  0x0800013e   Section       10  _printf_d.o(.ARM.Collect$$_printf_percent$$00000009)
    .ARM.Collect$$_printf_percent$$00000017  0x08000148   Section        4  _printf_percent_end.o(.ARM.Collect$$_printf_percent$$00000017)
    .ARM.Collect$$libinit$$00000000          0x0800014c   Section        2  libinit.o(.ARM.Collect$$libinit$$00000000)
    .ARM.Collect$$libinit$$00000002          0x0800014e   Section        0  libinit2.o(.ARM.Collect$$libinit$$00000002)
    .ARM.Collect$$libinit$$00000004          0x0800014e   Section        0  libinit2.o(.ARM.Collect$$libinit$$00000004)
    .ARM.Collect$$libinit$$00000006          0x0800014e   Section        0  libinit2.o(.ARM.Collect$$libinit$$00000006)
    .ARM.Collect$$libinit$$0000000C          0x0800014e   Section        0  libinit2.o(.ARM.Collect$$libinit$$0000000C)
    .ARM.Collect$$libinit$$0000000E          0x0800014e   Section        0  libinit2.o(.ARM.Collect$$libinit$$0000000E)
    .ARM.Collect$$libinit$$00000010          0x0800014e   Section        0  libinit2.o(.ARM.Collect$$libinit$$00000010)
    .ARM.Collect$$libinit$$00000013          0x0800014e   Section        0  libinit2.o(.ARM.Collect$$libinit$$00000013)
    .ARM.Collect$$libinit$$00000015          0x0800014e   Section        0  libinit2.o(.ARM.Collect$$libinit$$00000015)
    .ARM.Collect$$libinit$$00000017          0x0800014e   Section        0  libinit2.o(.ARM.Collect$$libinit$$00000017)
    .ARM.Collect$$libinit$$00000019          0x0800014e   Section        0  libinit2.o(.ARM.Collect$$libinit$$00000019)
    .ARM.Collect$$libinit$$0000001B          0x0800014e   Section        0  libinit2.o(.ARM.Collect$$libinit$$0000001B)
    .ARM.Collect$$libinit$$0000001D          0x0800014e   Section        0  libinit2.o(.ARM.Collect$$libinit$$0000001D)
    .ARM.Collect$$libinit$$0000001F          0x0800014e   Section        0  libinit2.o(.ARM.Collect$$libinit$$0000001F)
    .ARM.Collect$$libinit$$00000021          0x0800014e   Section        0  libinit2.o(.ARM.Collect$$libinit$$00000021)
    .ARM.Collect$$libinit$$00000023          0x0800014e   Section        0  libinit2.o(.ARM.Collect$$libinit$$00000023)
    .ARM.Collect$$libinit$$00000025          0x0800014e   Section        0  libinit2.o(.ARM.Collect$$libinit$$00000025)
    .ARM.Collect$$libinit$$00000027          0x0800014e   Section        0  libinit2.o(.ARM.Collect$$libinit$$00000027)
    .ARM.Collect$$libinit$$0000002E          0x0800014e   Section        0  libinit2.o(.ARM.Collect$$libinit$$0000002E)
    .ARM.Collect$$libinit$$00000030          0x0800014e   Section        0  libinit2.o(.ARM.Collect$$libinit$$00000030)
    .ARM.Collect$$libinit$$00000032          0x0800014e   Section        0  libinit2.o(.ARM.Collect$$libinit$$00000032)
    .ARM.Collect$$libinit$$00000034          0x0800014e   Section        0  libinit2.o(.ARM.Collect$$libinit$$00000034)
    .ARM.Collect$$libinit$$00000035          0x0800014e   Section        2  libinit2.o(.ARM.Collect$$libinit$$00000035)
    .ARM.Collect$$libshutdown$$00000000      0x08000150   Section        2  libshutdown.o(.ARM.Collect$$libshutdown$$00000000)
    .ARM.Collect$$libshutdown$$00000002      0x08000152   Section        0  libshutdown2.o(.ARM.Collect$$libshutdown$$00000002)
    .ARM.Collect$$libshutdown$$00000004      0x08000152   Section        0  libshutdown2.o(.ARM.Collect$$libshutdown$$00000004)
    .ARM.Collect$$libshutdown$$00000007      0x08000152   Section        0  libshutdown2.o(.ARM.Collect$$libshutdown$$00000007)
    .ARM.Collect$$libshutdown$$0000000A      0x08000152   Section        0  libshutdown2.o(.ARM.Collect$$libshutdown$$0000000A)
    .ARM.Collect$$libshutdown$$0000000C      0x08000152   Section        0  libshutdown2.o(.ARM.Collect$$libshutdown$$0000000C)
    .ARM.Collect$$libshutdown$$0000000F      0x08000152   Section        0  libshutdown2.o(.ARM.Collect$$libshutdown$$0000000F)
    .ARM.Collect$$libshutdown$$00000010      0x08000152   Section        2  libshutdown2.o(.ARM.Collect$$libshutdown$$00000010)
    .ARM.Collect$$rtentry$$00000000          0x08000154   Section        0  __rtentry.o(.ARM.Collect$$rtentry$$00000000)
    .ARM.Collect$$rtentry$$00000002          0x08000154   Section        0  __rtentry2.o(.ARM.Collect$$rtentry$$00000002)
    .ARM.Collect$$rtentry$$00000004          0x08000154   Section        6  __rtentry4.o(.ARM.Collect$$rtentry$$00000004)
    .ARM.Collect$$rtentry$$00000009          0x0800015a   Section        0  __rtentry2.o(.ARM.Collect$$rtentry$$00000009)
    .ARM.Collect$$rtentry$$0000000A          0x0800015a   Section        4  __rtentry2.o(.ARM.Collect$$rtentry$$0000000A)
    .ARM.Collect$$rtentry$$0000000C          0x0800015e   Section        0  __rtentry2.o(.ARM.Collect$$rtentry$$0000000C)
    .ARM.Collect$$rtentry$$0000000D          0x0800015e   Section        8  __rtentry2.o(.ARM.Collect$$rtentry$$0000000D)
    .ARM.Collect$$rtexit$$00000000           0x08000166   Section        2  rtexit.o(.ARM.Collect$$rtexit$$00000000)
    .ARM.Collect$$rtexit$$00000002           0x08000168   Section        0  rtexit2.o(.ARM.Collect$$rtexit$$00000002)
    .ARM.Collect$$rtexit$$00000003           0x08000168   Section        4  rtexit2.o(.ARM.Collect$$rtexit$$00000003)
    .ARM.Collect$$rtexit$$00000004           0x0800016c   Section        6  rtexit2.o(.ARM.Collect$$rtexit$$00000004)
    .text                                    0x08000174   Section      116  startup_stm32l011xx.o(.text)
    .text                                    0x080001e8   Section        0  noretval__2sprintf.o(.text)
    .text                                    0x08000210   Section        0  __printf.o(.text)
    .text                                    0x0800027c   Section        0  _printf_dec.o(.text)
    .text                                    0x080002e8   Section        0  strlen.o(.text)
    .text                                    0x0800032c   Section        0  rt_memclr.o(.text)
    .text                                    0x0800036c   Section        0  heapauxi.o(.text)
    .text                                    0x08000372   Section        0  _printf_intcommon.o(.text)
    _printf_input_char                       0x08000425   Thumb Code    10  _printf_char_common.o(.text)
    .text                                    0x08000424   Section        0  _printf_char_common.o(.text)
    .text                                    0x08000454   Section        0  _sputc.o(.text)
    .text                                    0x0800045e   Section        0  rtudiv10.o(.text)
    .text                                    0x08000486   Section       62  sys_stackheap_outer.o(.text)
    .text                                    0x080004c4   Section        0  exit.o(.text)
    .text                                    0x080004d4   Section        8  libspace.o(.text)
    .text                                    0x080004dc   Section        0  sys_exit.o(.text)
    .text                                    0x080004e8   Section        2  use_no_semi.o(.text)
    .text                                    0x080004ea   Section        0  indicate_semi.o(.text)
    [Anonymous Symbol]                       0x080004ec   Section        0  stm32l0xx_it.o(.text.ADC1_COMP_IRQHandler)
    __arm_cp.6_0                             0x080004f8   Number         4  stm32l0xx_it.o(.text.ADC1_COMP_IRQHandler)
    ADC_ConversionStop                       0x080004fd   Thumb Code    90  stm32l0xx_hal_adc.o(.text.ADC_ConversionStop)
    [Anonymous Symbol]                       0x080004fc   Section        0  stm32l0xx_hal_adc.o(.text.ADC_ConversionStop)
    ADC_Disable                              0x08000557   Thumb Code    96  stm32l0xx_hal_adc.o(.text.ADC_Disable)
    [Anonymous Symbol]                       0x08000556   Section        0  stm32l0xx_hal_adc.o(.text.ADC_Disable)
    ADC_Enable                               0x080005b9   Thumb Code   132  stm32l0xx_hal_adc.o(.text.ADC_Enable)
    [Anonymous Symbol]                       0x080005b8   Section        0  stm32l0xx_hal_adc.o(.text.ADC_Enable)
    __arm_cp.7_0                             0x0800063c   Number         4  stm32l0xx_hal_adc.o(.text.ADC_Enable)
    [Anonymous Symbol]                       0x08000640   Section        0  stm32l0xx_hal_adc.o(.text.HAL_ADC_ConfigChannel)
    __arm_cp.24_0                            0x080006ec   Number         4  stm32l0xx_hal_adc.o(.text.HAL_ADC_ConfigChannel)
    __arm_cp.24_2                            0x080006f0   Number         4  stm32l0xx_hal_adc.o(.text.HAL_ADC_ConfigChannel)
    __arm_cp.24_3                            0x080006f4   Number         4  stm32l0xx_hal_adc.o(.text.HAL_ADC_ConfigChannel)
    __arm_cp.24_4                            0x080006f8   Number         4  stm32l0xx_hal_adc.o(.text.HAL_ADC_ConfigChannel)
    [Anonymous Symbol]                       0x080006fc   Section        0  main.o(.text.HAL_ADC_ConvCpltCallback)
    __arm_cp.6_0                             0x08000720   Number         4  main.o(.text.HAL_ADC_ConvCpltCallback)
    __arm_cp.6_1                             0x08000724   Number         4  main.o(.text.HAL_ADC_ConvCpltCallback)
    __arm_cp.6_2                             0x08000728   Number         4  main.o(.text.HAL_ADC_ConvCpltCallback)
    __arm_cp.6_3                             0x0800072c   Number         4  main.o(.text.HAL_ADC_ConvCpltCallback)
    [Anonymous Symbol]                       0x08000730   Section        0  stm32l0xx_hal_adc.o(.text.HAL_ADC_ErrorCallback)
    [Anonymous Symbol]                       0x08000732   Section        0  stm32l0xx_hal_adc.o(.text.HAL_ADC_GetValue)
    [Anonymous Symbol]                       0x08000738   Section        0  stm32l0xx_hal_adc.o(.text.HAL_ADC_IRQHandler)
    [Anonymous Symbol]                       0x08000858   Section        0  stm32l0xx_hal_adc.o(.text.HAL_ADC_Init)
    __arm_cp.0_0                             0x080009f4   Number         4  stm32l0xx_hal_adc.o(.text.HAL_ADC_Init)
    __arm_cp.0_1                             0x080009f8   Number         4  stm32l0xx_hal_adc.o(.text.HAL_ADC_Init)
    [Anonymous Symbol]                       0x080009fc   Section        0  stm32l0xx_hal_adc.o(.text.HAL_ADC_LevelOutOfWindowCallback)
    [Anonymous Symbol]                       0x08000a00   Section        0  stm32l0xx_hal_msp.o(.text.HAL_ADC_MspInit)
    __arm_cp.1_0                             0x08000a60   Number         4  stm32l0xx_hal_msp.o(.text.HAL_ADC_MspInit)
    __arm_cp.1_1                             0x08000a64   Number         4  stm32l0xx_hal_msp.o(.text.HAL_ADC_MspInit)
    [Anonymous Symbol]                       0x08000a68   Section        0  stm32l0xx_hal_adc.o(.text.HAL_ADC_Start_IT)
    __arm_cp.11_0                            0x08000ad8   Number         4  stm32l0xx_hal_adc.o(.text.HAL_ADC_Start_IT)
    [Anonymous Symbol]                       0x08000adc   Section        0  stm32l0xx_hal_adc.o(.text.HAL_ADC_Stop)
    [Anonymous Symbol]                       0x08000b1c   Section        0  stm32l0xx_hal.o(.text.HAL_Delay)
    [Anonymous Symbol]                       0x08000b3c   Section        0  stm32l0xx_hal_gpio.o(.text.HAL_GPIO_Init)
    __arm_cp.0_0                             0x08000cc8   Number         4  stm32l0xx_hal_gpio.o(.text.HAL_GPIO_Init)
    __arm_cp.0_1                             0x08000ccc   Number         4  stm32l0xx_hal_gpio.o(.text.HAL_GPIO_Init)
    __arm_cp.0_3                             0x08000cd0   Number         4  stm32l0xx_hal_gpio.o(.text.HAL_GPIO_Init)
    __arm_cp.0_4                             0x08000cd4   Number         4  stm32l0xx_hal_gpio.o(.text.HAL_GPIO_Init)
    [Anonymous Symbol]                       0x08000cd8   Section        0  stm32l0xx_hal_gpio.o(.text.HAL_GPIO_WritePin)
    [Anonymous Symbol]                       0x08000ce8   Section        0  stm32l0xx_hal.o(.text.HAL_GetTick)
    [Anonymous Symbol]                       0x08000cf0   Section        0  stm32l0xx_hal.o(.text.HAL_IncTick)
    __arm_cp.5_1                             0x08000d00   Number         4  stm32l0xx_hal.o(.text.HAL_IncTick)
    [Anonymous Symbol]                       0x08000d04   Section        0  stm32l0xx_hal.o(.text.HAL_Init)
    __arm_cp.0_0                             0x08000d28   Number         4  stm32l0xx_hal.o(.text.HAL_Init)
    [Anonymous Symbol]                       0x08000d2c   Section        0  stm32l0xx_hal.o(.text.HAL_InitTick)
    __arm_cp.1_0                             0x08000d68   Number         4  stm32l0xx_hal.o(.text.HAL_InitTick)
    __arm_cp.1_1                             0x08000d6c   Number         4  stm32l0xx_hal.o(.text.HAL_InitTick)
    __arm_cp.1_2                             0x08000d70   Number         4  stm32l0xx_hal.o(.text.HAL_InitTick)
    [Anonymous Symbol]                       0x08000d74   Section        0  stm32l0xx_hal_msp.o(.text.HAL_MspInit)
    __arm_cp.0_0                             0x08000d88   Number         4  stm32l0xx_hal_msp.o(.text.HAL_MspInit)
    [Anonymous Symbol]                       0x08000d8c   Section        0  stm32l0xx_hal_cortex.o(.text.HAL_NVIC_EnableIRQ)
    __arm_cp.1_0                             0x08000da0   Number         4  stm32l0xx_hal_cortex.o(.text.HAL_NVIC_EnableIRQ)
    [Anonymous Symbol]                       0x08000da4   Section        0  stm32l0xx_hal_cortex.o(.text.HAL_NVIC_SetPriority)
    __arm_cp.0_0                             0x08000dd4   Number         4  stm32l0xx_hal_cortex.o(.text.HAL_NVIC_SetPriority)
    __arm_cp.0_1                             0x08000dd8   Number         4  stm32l0xx_hal_cortex.o(.text.HAL_NVIC_SetPriority)
    [Anonymous Symbol]                       0x08000ddc   Section        0  stm32l0xx_hal_pwr.o(.text.HAL_PWR_EnableBkUpAccess)
    [Anonymous Symbol]                       0x08000dec   Section        0  stm32l0xx_hal_rcc_ex.o(.text.HAL_RCCEx_EnableLSECSS)
    [Anonymous Symbol]                       0x08000dfc   Section        0  stm32l0xx_hal_rcc_ex.o(.text.HAL_RCCEx_PeriphCLKConfig)
    __arm_cp.0_0                             0x08000f68   Number         4  stm32l0xx_hal_rcc_ex.o(.text.HAL_RCCEx_PeriphCLKConfig)
    __arm_cp.0_1                             0x08000f6c   Number         4  stm32l0xx_hal_rcc_ex.o(.text.HAL_RCCEx_PeriphCLKConfig)
    [Anonymous Symbol]                       0x08000f70   Section        0  stm32l0xx_hal_rcc.o(.text.HAL_RCC_ClockConfig)
    __arm_cp.3_0                             0x08001174   Number         4  stm32l0xx_hal_rcc.o(.text.HAL_RCC_ClockConfig)
    __arm_cp.3_1                             0x08001178   Number         4  stm32l0xx_hal_rcc.o(.text.HAL_RCC_ClockConfig)
    __arm_cp.3_2                             0x0800117c   Number         4  stm32l0xx_hal_rcc.o(.text.HAL_RCC_ClockConfig)
    __arm_cp.3_3                             0x08001180   Number         4  stm32l0xx_hal_rcc.o(.text.HAL_RCC_ClockConfig)
    __arm_cp.3_4                             0x08001184   Number         4  stm32l0xx_hal_rcc.o(.text.HAL_RCC_ClockConfig)
    __arm_cp.3_5                             0x08001188   Number         4  stm32l0xx_hal_rcc.o(.text.HAL_RCC_ClockConfig)
    __arm_cp.3_6                             0x0800118c   Number         4  stm32l0xx_hal_rcc.o(.text.HAL_RCC_ClockConfig)
    __arm_cp.3_7                             0x08001190   Number         4  stm32l0xx_hal_rcc.o(.text.HAL_RCC_ClockConfig)
    __arm_cp.3_8                             0x08001194   Number         4  stm32l0xx_hal_rcc.o(.text.HAL_RCC_ClockConfig)
    __arm_cp.3_9                             0x08001198   Number         4  stm32l0xx_hal_rcc.o(.text.HAL_RCC_ClockConfig)
    [Anonymous Symbol]                       0x0800119c   Section        0  stm32l0xx_hal_rcc.o(.text.HAL_RCC_OscConfig)
    __arm_cp.1_12                            0x0800132c   Number         4  stm32l0xx_hal_rcc.o(.text.HAL_RCC_OscConfig)
    __arm_cp.1_1                             0x08001678   Number         4  stm32l0xx_hal_rcc.o(.text.HAL_RCC_OscConfig)
    __arm_cp.1_2                             0x0800167c   Number         4  stm32l0xx_hal_rcc.o(.text.HAL_RCC_OscConfig)
    __arm_cp.1_3                             0x08001680   Number         4  stm32l0xx_hal_rcc.o(.text.HAL_RCC_OscConfig)
    __arm_cp.1_4                             0x08001684   Number         4  stm32l0xx_hal_rcc.o(.text.HAL_RCC_OscConfig)
    __arm_cp.1_5                             0x08001688   Number         4  stm32l0xx_hal_rcc.o(.text.HAL_RCC_OscConfig)
    __arm_cp.1_6                             0x0800168c   Number         4  stm32l0xx_hal_rcc.o(.text.HAL_RCC_OscConfig)
    __arm_cp.1_7                             0x08001690   Number         4  stm32l0xx_hal_rcc.o(.text.HAL_RCC_OscConfig)
    __arm_cp.1_8                             0x08001694   Number         4  stm32l0xx_hal_rcc.o(.text.HAL_RCC_OscConfig)
    __arm_cp.1_9                             0x08001698   Number         4  stm32l0xx_hal_rcc.o(.text.HAL_RCC_OscConfig)
    __arm_cp.1_10                            0x0800169c   Number         4  stm32l0xx_hal_rcc.o(.text.HAL_RCC_OscConfig)
    [Anonymous Symbol]                       0x080016a0   Section        0  stm32l0xx_hal_rtc_ex.o(.text.HAL_RTCEx_AlarmBEventCallback)
    [Anonymous Symbol]                       0x080016a4   Section        0  main.o(.text.HAL_RTC_AlarmAEventCallback)
    __arm_cp.7_0                             0x080016b4   Number         4  main.o(.text.HAL_RTC_AlarmAEventCallback)
    [Anonymous Symbol]                       0x080016b8   Section        0  stm32l0xx_hal_rtc.o(.text.HAL_RTC_AlarmIRQHandler)
    __arm_cp.16_0                            0x0800170c   Number         4  stm32l0xx_hal_rtc.o(.text.HAL_RTC_AlarmIRQHandler)
    [Anonymous Symbol]                       0x08001710   Section        0  stm32l0xx_hal_rtc.o(.text.HAL_RTC_Init)
    __arm_cp.0_0                             0x0800182c   Number         4  stm32l0xx_hal_rtc.o(.text.HAL_RTC_Init)
    [Anonymous Symbol]                       0x08001830   Section        0  stm32l0xx_hal_msp.o(.text.HAL_RTC_MspInit)
    __arm_cp.3_0                             0x0800185c   Number         4  stm32l0xx_hal_msp.o(.text.HAL_RTC_MspInit)
    __arm_cp.3_1                             0x08001860   Number         4  stm32l0xx_hal_msp.o(.text.HAL_RTC_MspInit)
    [Anonymous Symbol]                       0x08001864   Section        0  stm32l0xx_hal_rtc.o(.text.HAL_RTC_SetAlarm_IT)
    __arm_cp.13_0                            0x08001a3c   Number         4  stm32l0xx_hal_rtc.o(.text.HAL_RTC_SetAlarm_IT)
    __arm_cp.13_1                            0x08001a40   Number         4  stm32l0xx_hal_rtc.o(.text.HAL_RTC_SetAlarm_IT)
    __arm_cp.13_2                            0x08001a44   Number         4  stm32l0xx_hal_rtc.o(.text.HAL_RTC_SetAlarm_IT)
    __arm_cp.13_3                            0x08001a48   Number         4  stm32l0xx_hal_rtc.o(.text.HAL_RTC_SetAlarm_IT)
    [Anonymous Symbol]                       0x08001a4c   Section        0  stm32l0xx_hal_rtc.o(.text.HAL_RTC_SetDate)
    __arm_cp.10_0                            0x08001bb8   Number         4  stm32l0xx_hal_rtc.o(.text.HAL_RTC_SetDate)
    [Anonymous Symbol]                       0x08001bbc   Section        0  stm32l0xx_hal_rtc.o(.text.HAL_RTC_SetTime)
    __arm_cp.6_0                             0x08001d4c   Number         4  stm32l0xx_hal_rtc.o(.text.HAL_RTC_SetTime)
    __arm_cp.6_1                             0x08001d50   Number         4  stm32l0xx_hal_rtc.o(.text.HAL_RTC_SetTime)
    [Anonymous Symbol]                       0x08001d54   Section        0  stm32l0xx_hal_spi.o(.text.HAL_SPI_Init)
    [Anonymous Symbol]                       0x08001e14   Section        0  stm32l0xx_hal_msp.o(.text.HAL_SPI_MspInit)
    __arm_cp.5_0                             0x08001e68   Number         4  stm32l0xx_hal_msp.o(.text.HAL_SPI_MspInit)
    __arm_cp.5_1                             0x08001e6c   Number         4  stm32l0xx_hal_msp.o(.text.HAL_SPI_MspInit)
    [Anonymous Symbol]                       0x08001e70   Section        0  stm32l0xx_hal_spi.o(.text.HAL_SPI_Transmit)
    __arm_cp.4_1                             0x08002010   Number         4  stm32l0xx_hal_spi.o(.text.HAL_SPI_Transmit)
    [Anonymous Symbol]                       0x08002014   Section        0  stm32l0xx_hal_cortex.o(.text.HAL_SYSTICK_Config)
    __arm_cp.4_0                             0x0800203c   Number         4  stm32l0xx_hal_cortex.o(.text.HAL_SYSTICK_Config)
    __arm_cp.4_1                             0x08002040   Number         4  stm32l0xx_hal_cortex.o(.text.HAL_SYSTICK_Config)
    __arm_cp.4_2                             0x08002044   Number         4  stm32l0xx_hal_cortex.o(.text.HAL_SYSTICK_Config)
    [Anonymous Symbol]                       0x08002048   Section        0  stm32l0xx_it.o(.text.HardFault_Handler)
    [Anonymous Symbol]                       0x0800204c   Section        0  ssd1331.o(.text.LCD_Command)
    __arm_cp.1_0                             0x08002084   Number         4  ssd1331.o(.text.LCD_Command)
    [Anonymous Symbol]                       0x08002088   Section        0  ssd1331.o(.text.LCD_Font)
    [Anonymous Symbol]                       0x08002226   Section        0  ssd1331.o(.text.LCD_Rect_Fill)
    [Anonymous Symbol]                       0x08002240   Section        0  stm32l0xx_it.o(.text.NMI_Handler)
    [Anonymous Symbol]                       0x08002242   Section        0  stm32l0xx_it.o(.text.PendSV_Handler)
    [Anonymous Symbol]                       0x08002244   Section        0  stm32l0xx_it.o(.text.RTC_IRQHandler)
    __arm_cp.5_0                             0x08002250   Number         4  stm32l0xx_it.o(.text.RTC_IRQHandler)
    SPI_WaitFlagStateUntilTimeout            0x08002255   Thumb Code   196  stm32l0xx_hal_spi.o(.text.SPI_WaitFlagStateUntilTimeout)
    [Anonymous Symbol]                       0x08002254   Section        0  stm32l0xx_hal_spi.o(.text.SPI_WaitFlagStateUntilTimeout)
    __arm_cp.53_0                            0x08002318   Number         4  stm32l0xx_hal_spi.o(.text.SPI_WaitFlagStateUntilTimeout)
    [Anonymous Symbol]                       0x0800231c   Section        0  ssd1331.o(.text.SSD1331_Frame)
    __arm_cp.2_0                             0x08002540   Number         4  ssd1331.o(.text.SSD1331_Frame)
    [Anonymous Symbol]                       0x08002544   Section        0  ssd1331.o(.text.SSD1331_Init)
    __arm_cp.23_0                            0x08002b18   Number         4  ssd1331.o(.text.SSD1331_Init)
    [Anonymous Symbol]                       0x08002b1c   Section        0  ssd1331.o(.text.SSD1331_clearWindow)
    __arm_cp.18_0                            0x08002bf4   Number         4  ssd1331.o(.text.SSD1331_clearWindow)
    [Anonymous Symbol]                       0x08002bf8   Section        0  stm32l0xx_it.o(.text.SVC_Handler)
    [Anonymous Symbol]                       0x08002bfc   Section        0  main.o(.text.Screen_SetTime)
    __arm_cp.4_0                             0x08002c90   Number         4  main.o(.text.Screen_SetTime)
    __arm_cp.4_1                             0x08002c94   Number         4  main.o(.text.Screen_SetTime)
    __arm_cp.4_2                             0x08002c98   Number         4  main.o(.text.Screen_SetTime)
    __arm_cp.4_5                             0x08002ca8   Number         4  main.o(.text.Screen_SetTime)
    [Anonymous Symbol]                       0x08002cac   Section        0  stm32l0xx_it.o(.text.SysTick_Handler)
    [Anonymous Symbol]                       0x08002cb4   Section        0  main.o(.text.SystemClock_Config)
    __arm_cp.1_0                             0x08002d68   Number         4  main.o(.text.SystemClock_Config)
    __arm_cp.1_1                             0x08002d6c   Number         4  main.o(.text.SystemClock_Config)
    __arm_cp.1_2                             0x08002d70   Number         4  main.o(.text.SystemClock_Config)
    [Anonymous Symbol]                       0x08002d74   Section        0  system_stm32l0xx.o(.text.SystemInit)
    [Anonymous Symbol]                       0x08002d78   Section        0  main.o(.text.main)
    __arm_cp.0_0                             0x08002ff8   Number         4  main.o(.text.main)
    __arm_cp.0_1                             0x08002ffc   Number         4  main.o(.text.main)
    __arm_cp.0_2                             0x08003000   Number         4  main.o(.text.main)
    __arm_cp.0_3                             0x08003004   Number         4  main.o(.text.main)
    __arm_cp.0_4                             0x08003008   Number         4  main.o(.text.main)
    __arm_cp.0_5                             0x0800300c   Number         4  main.o(.text.main)
    __arm_cp.0_6                             0x08003010   Number         4  main.o(.text.main)
    __arm_cp.0_7                             0x08003014   Number         4  main.o(.text.main)
    __arm_cp.0_8                             0x08003018   Number         4  main.o(.text.main)
    __arm_cp.0_9                             0x0800301c   Number         4  main.o(.text.main)
    __arm_cp.0_10                            0x08003020   Number         4  main.o(.text.main)
    __arm_cp.0_11                            0x08003024   Number         4  main.o(.text.main)
    __arm_cp.0_12                            0x08003028   Number         4  main.o(.text.main)
    __arm_cp.0_13                            0x0800302c   Number         4  main.o(.text.main)
    __arm_cp.0_14                            0x08003030   Number         4  main.o(.text.main)
    .text_divfast                            0x08003034   Section      502  aeabi_sdivfast.o(.text_divfast)
    .bss                                     0x20000010   Section       96  libspace.o(.bss)
    Heap_Mem                                 0x20000160   Data         512  startup_stm32l011xx.o(HEAP)
    HEAP                                     0x20000160   Section      512  startup_stm32l011xx.o(HEAP)
    Stack_Mem                                0x20000360   Data        1024  startup_stm32l011xx.o(STACK)
    STACK                                    0x20000360   Section     1024  startup_stm32l011xx.o(STACK)
    __initial_sp                             0x20000760   Data           0  startup_stm32l011xx.o(STACK)

    Global Symbols

    Symbol Name                              Value     Ov Type        Size  Object(Section)

    BuildAttributes$$THM_ISAv3M$S$PE$A:L22$X:L11$S22$IEEE1$IW$~IW$USESV6$~STKCKD$USESV7$~SHL$OTIME$ROPI$EBA8$UX$STANDARDLIB$REQ8$PRES8$EABIv2 0x00000000   Number         0  anon$$obj.o ABSOLUTE
    __ARM_exceptions_init                     - Undefined Weak Reference
    __alloca_initialize                       - Undefined Weak Reference
    __arm_preinit_                            - Undefined Weak Reference
    __arm_relocate_pie_                       - Undefined Weak Reference
    __cpp_initialize__aeabi_                  - Undefined Weak Reference
    __cxa_finalize                            - Undefined Weak Reference
    __rt_locale                               - Undefined Weak Reference
    __sigvec_lookup                           - Undefined Weak Reference
    _atexit_init                              - Undefined Weak Reference
    _call_atexit_fns                          - Undefined Weak Reference
    _clock_init                               - Undefined Weak Reference
    _fp_trap_init                             - Undefined Weak Reference
    _fp_trap_shutdown                         - Undefined Weak Reference
    _get_lc_collate                           - Undefined Weak Reference
    _get_lc_ctype                             - Undefined Weak Reference
    _get_lc_monetary                          - Undefined Weak Reference
    _get_lc_numeric                           - Undefined Weak Reference
    _get_lc_time                              - Undefined Weak Reference
    _getenv_init                              - Undefined Weak Reference
    _handle_redirection                       - Undefined Weak Reference
    _init_alloc                               - Undefined Weak Reference
    _init_user_alloc                          - Undefined Weak Reference
    _initio                                   - Undefined Weak Reference
    _printf_post_padding                      - Undefined Weak Reference
    _printf_pre_padding                       - Undefined Weak Reference
    _printf_truncate_signed                   - Undefined Weak Reference
    _printf_truncate_unsigned                 - Undefined Weak Reference
    _rand_init                                - Undefined Weak Reference
    _signal_finish                            - Undefined Weak Reference
    _signal_init                              - Undefined Weak Reference
    _terminate_alloc                          - Undefined Weak Reference
    _terminate_user_alloc                     - Undefined Weak Reference
    _terminateio                              - Undefined Weak Reference
    __Vectors_Size                           0x000000c0   Number         0  startup_stm32l011xx.o ABSOLUTE
    __Vectors                                0x08000000   Data           4  startup_stm32l011xx.o(RESET)
    __Vectors_End                            0x080000c0   Data           0  startup_stm32l011xx.o(RESET)
    __main                                   0x080000c1   Thumb Code     8  __main.o(!!!main)
    __scatterload                            0x080000c9   Thumb Code     0  __scatter.o(!!!scatter)
    __scatterload_rt2                        0x080000c9   Thumb Code    52  __scatter.o(!!!scatter)
    __scatterload_rt2_thumb_only             0x080000c9   Thumb Code     0  __scatter.o(!!!scatter)
    __scatterload_null                       0x080000d9   Thumb Code     0  __scatter.o(!!!scatter)
    __scatterload_copy                       0x08000105   Thumb Code    26  __scatter_copy.o(!!handler_copy)
    __scatterload_zeroinit                   0x08000121   Thumb Code    28  __scatter_zi.o(!!handler_zi)
    _printf_percent                          0x0800013d   Thumb Code     0  _printf_percent.o(.ARM.Collect$$_printf_percent$$00000000)
    _printf_d                                0x0800013f   Thumb Code     0  _printf_d.o(.ARM.Collect$$_printf_percent$$00000009)
    _printf_percent_end                      0x08000149   Thumb Code     0  _printf_percent_end.o(.ARM.Collect$$_printf_percent$$00000017)
    __rt_lib_init                            0x0800014d   Thumb Code     0  libinit.o(.ARM.Collect$$libinit$$00000000)
    __rt_lib_init_alloca_1                   0x0800014f   Thumb Code     0  libinit2.o(.ARM.Collect$$libinit$$00000030)
    __rt_lib_init_argv_1                     0x0800014f   Thumb Code     0  libinit2.o(.ARM.Collect$$libinit$$0000002E)
    __rt_lib_init_atexit_1                   0x0800014f   Thumb Code     0  libinit2.o(.ARM.Collect$$libinit$$0000001D)
    __rt_lib_init_clock_1                    0x0800014f   Thumb Code     0  libinit2.o(.ARM.Collect$$libinit$$00000023)
    __rt_lib_init_cpp_1                      0x0800014f   Thumb Code     0  libinit2.o(.ARM.Collect$$libinit$$00000034)
    __rt_lib_init_exceptions_1               0x0800014f   Thumb Code     0  libinit2.o(.ARM.Collect$$libinit$$00000032)
    __rt_lib_init_fp_1                       0x0800014f   Thumb Code     0  libinit2.o(.ARM.Collect$$libinit$$00000002)
    __rt_lib_init_fp_trap_1                  0x0800014f   Thumb Code     0  libinit2.o(.ARM.Collect$$libinit$$00000021)
    __rt_lib_init_getenv_1                   0x0800014f   Thumb Code     0  libinit2.o(.ARM.Collect$$libinit$$00000025)
    __rt_lib_init_heap_1                     0x0800014f   Thumb Code     0  libinit2.o(.ARM.Collect$$libinit$$0000000C)
    __rt_lib_init_lc_collate_1               0x0800014f   Thumb Code     0  libinit2.o(.ARM.Collect$$libinit$$00000013)
    __rt_lib_init_lc_ctype_1                 0x0800014f   Thumb Code     0  libinit2.o(.ARM.Collect$$libinit$$00000015)
    __rt_lib_init_lc_monetary_1              0x0800014f   Thumb Code     0  libinit2.o(.ARM.Collect$$libinit$$00000017)
    __rt_lib_init_lc_numeric_1               0x0800014f   Thumb Code     0  libinit2.o(.ARM.Collect$$libinit$$00000019)
    __rt_lib_init_lc_time_1                  0x0800014f   Thumb Code     0  libinit2.o(.ARM.Collect$$libinit$$0000001B)
    __rt_lib_init_preinit_1                  0x0800014f   Thumb Code     0  libinit2.o(.ARM.Collect$$libinit$$00000006)
    __rt_lib_init_rand_1                     0x0800014f   Thumb Code     0  libinit2.o(.ARM.Collect$$libinit$$00000010)
    __rt_lib_init_relocate_pie_1             0x0800014f   Thumb Code     0  libinit2.o(.ARM.Collect$$libinit$$00000004)
    __rt_lib_init_return                     0x0800014f   Thumb Code     0  libinit2.o(.ARM.Collect$$libinit$$00000035)
    __rt_lib_init_signal_1                   0x0800014f   Thumb Code     0  libinit2.o(.ARM.Collect$$libinit$$0000001F)
    __rt_lib_init_stdio_1                    0x0800014f   Thumb Code     0  libinit2.o(.ARM.Collect$$libinit$$00000027)
    __rt_lib_init_user_alloc_1               0x0800014f   Thumb Code     0  libinit2.o(.ARM.Collect$$libinit$$0000000E)
    __rt_lib_shutdown                        0x08000151   Thumb Code     0  libshutdown.o(.ARM.Collect$$libshutdown$$00000000)
    __rt_lib_shutdown_cpp_1                  0x08000153   Thumb Code     0  libshutdown2.o(.ARM.Collect$$libshutdown$$00000002)
    __rt_lib_shutdown_fp_trap_1              0x08000153   Thumb Code     0  libshutdown2.o(.ARM.Collect$$libshutdown$$00000007)
    __rt_lib_shutdown_heap_1                 0x08000153   Thumb Code     0  libshutdown2.o(.ARM.Collect$$libshutdown$$0000000F)
    __rt_lib_shutdown_return                 0x08000153   Thumb Code     0  libshutdown2.o(.ARM.Collect$$libshutdown$$00000010)
    __rt_lib_shutdown_signal_1               0x08000153   Thumb Code     0  libshutdown2.o(.ARM.Collect$$libshutdown$$0000000A)
    __rt_lib_shutdown_stdio_1                0x08000153   Thumb Code     0  libshutdown2.o(.ARM.Collect$$libshutdown$$00000004)
    __rt_lib_shutdown_user_alloc_1           0x08000153   Thumb Code     0  libshutdown2.o(.ARM.Collect$$libshutdown$$0000000C)
    __rt_entry                               0x08000155   Thumb Code     0  __rtentry.o(.ARM.Collect$$rtentry$$00000000)
    __rt_entry_presh_1                       0x08000155   Thumb Code     0  __rtentry2.o(.ARM.Collect$$rtentry$$00000002)
    __rt_entry_sh                            0x08000155   Thumb Code     0  __rtentry4.o(.ARM.Collect$$rtentry$$00000004)
    __rt_entry_li                            0x0800015b   Thumb Code     0  __rtentry2.o(.ARM.Collect$$rtentry$$0000000A)
    __rt_entry_postsh_1                      0x0800015b   Thumb Code     0  __rtentry2.o(.ARM.Collect$$rtentry$$00000009)
    __rt_entry_main                          0x0800015f   Thumb Code     0  __rtentry2.o(.ARM.Collect$$rtentry$$0000000D)
    __rt_entry_postli_1                      0x0800015f   Thumb Code     0  __rtentry2.o(.ARM.Collect$$rtentry$$0000000C)
    __rt_exit                                0x08000167   Thumb Code     0  rtexit.o(.ARM.Collect$$rtexit$$00000000)
    __rt_exit_ls                             0x08000169   Thumb Code     0  rtexit2.o(.ARM.Collect$$rtexit$$00000003)
    __rt_exit_prels_1                        0x08000169   Thumb Code     0  rtexit2.o(.ARM.Collect$$rtexit$$00000002)
    __rt_exit_exit                           0x0800016d   Thumb Code     0  rtexit2.o(.ARM.Collect$$rtexit$$00000004)
    Reset_Handler                            0x08000175   Thumb Code    38  startup_stm32l011xx.o(.text)
    DMA1_Channel1_IRQHandler                 0x080001a5   Thumb Code     0  startup_stm32l011xx.o(.text)
    DMA1_Channel2_3_IRQHandler               0x080001a5   Thumb Code     0  startup_stm32l011xx.o(.text)
    DMA1_Channel4_5_IRQHandler               0x080001a5   Thumb Code     0  startup_stm32l011xx.o(.text)
    EXTI0_1_IRQHandler                       0x080001a5   Thumb Code     0  startup_stm32l011xx.o(.text)
    EXTI2_3_IRQHandler                       0x080001a5   Thumb Code     0  startup_stm32l011xx.o(.text)
    EXTI4_15_IRQHandler                      0x080001a5   Thumb Code     0  startup_stm32l011xx.o(.text)
    FLASH_IRQHandler                         0x080001a5   Thumb Code     0  startup_stm32l011xx.o(.text)
    I2C1_IRQHandler                          0x080001a5   Thumb Code     0  startup_stm32l011xx.o(.text)
    LPTIM1_IRQHandler                        0x080001a5   Thumb Code     0  startup_stm32l011xx.o(.text)
    LPUART1_IRQHandler                       0x080001a5   Thumb Code     0  startup_stm32l011xx.o(.text)
    PVD_IRQHandler                           0x080001a5   Thumb Code     0  startup_stm32l011xx.o(.text)
    RCC_IRQHandler                           0x080001a5   Thumb Code     0  startup_stm32l011xx.o(.text)
    SPI1_IRQHandler                          0x080001a5   Thumb Code     0  startup_stm32l011xx.o(.text)
    TIM21_IRQHandler                         0x080001a5   Thumb Code     0  startup_stm32l011xx.o(.text)
    TIM2_IRQHandler                          0x080001a5   Thumb Code     0  startup_stm32l011xx.o(.text)
    USART2_IRQHandler                        0x080001a5   Thumb Code     0  startup_stm32l011xx.o(.text)
    WWDG_IRQHandler                          0x080001a5   Thumb Code     0  startup_stm32l011xx.o(.text)
    __user_initial_stackheap                 0x080001a9   Thumb Code     0  startup_stm32l011xx.o(.text)
    __2sprintf                               0x080001e9   Thumb Code    36  noretval__2sprintf.o(.text)
    __printf                                 0x08000211   Thumb Code   108  __printf.o(.text)
    _printf_int_dec                          0x0800027d   Thumb Code    90  _printf_dec.o(.text)
    strlen                                   0x080002e9   Thumb Code    62  strlen.o(.text)
    _memset_w                                0x0800032d   Thumb Code    26  rt_memclr.o(.text)
    _memset                                  0x08000347   Thumb Code    30  rt_memclr.o(.text)
    __aeabi_memclr                           0x08000365   Thumb Code     4  rt_memclr.o(.text)
    __rt_memclr                              0x08000365   Thumb Code     0  rt_memclr.o(.text)
    __aeabi_memclr4                          0x08000369   Thumb Code     0  rt_memclr.o(.text)
    __aeabi_memclr8                          0x08000369   Thumb Code     0  rt_memclr.o(.text)
    __rt_memclr_w                            0x08000369   Thumb Code     4  rt_memclr.o(.text)
    __use_two_region_memory                  0x0800036d   Thumb Code     2  heapauxi.o(.text)
    __rt_heap_escrow$2region                 0x0800036f   Thumb Code     2  heapauxi.o(.text)
    __rt_heap_expand$2region                 0x08000371   Thumb Code     2  heapauxi.o(.text)
    _printf_int_common                       0x08000373   Thumb Code   176  _printf_intcommon.o(.text)
    _printf_char_common                      0x0800042f   Thumb Code    32  _printf_char_common.o(.text)
    _sputc                                   0x08000455   Thumb Code    10  _sputc.o(.text)
    __rt_udiv10                              0x0800045f   Thumb Code    40  rtudiv10.o(.text)
    __user_setup_stackheap                   0x08000487   Thumb Code    62  sys_stackheap_outer.o(.text)
    exit                                     0x080004c5   Thumb Code    16  exit.o(.text)
    __user_libspace                          0x080004d5   Thumb Code     8  libspace.o(.text)
    __user_perproc_libspace                  0x080004d5   Thumb Code     0  libspace.o(.text)
    __user_perthread_libspace                0x080004d5   Thumb Code     0  libspace.o(.text)
    _sys_exit                                0x080004dd   Thumb Code     8  sys_exit.o(.text)
    __I$use$semihosting                      0x080004e9   Thumb Code     0  use_no_semi.o(.text)
    __use_no_semihosting_swi                 0x080004e9   Thumb Code     2  use_no_semi.o(.text)
    __semihosting_library_function           0x080004eb   Thumb Code     0  indicate_semi.o(.text)
    ADC1_COMP_IRQHandler                     0x080004ed   Thumb Code    12  stm32l0xx_it.o(.text.ADC1_COMP_IRQHandler)
    HAL_ADC_ConfigChannel                    0x08000641   Thumb Code   172  stm32l0xx_hal_adc.o(.text.HAL_ADC_ConfigChannel)
    HAL_ADC_ConvCpltCallback                 0x080006fd   Thumb Code    36  main.o(.text.HAL_ADC_ConvCpltCallback)
    HAL_ADC_ErrorCallback                    0x08000731   Thumb Code     2  stm32l0xx_hal_adc.o(.text.HAL_ADC_ErrorCallback)
    HAL_ADC_GetValue                         0x08000733   Thumb Code     6  stm32l0xx_hal_adc.o(.text.HAL_ADC_GetValue)
    HAL_ADC_IRQHandler                       0x08000739   Thumb Code   288  stm32l0xx_hal_adc.o(.text.HAL_ADC_IRQHandler)
    HAL_ADC_Init                             0x08000859   Thumb Code   412  stm32l0xx_hal_adc.o(.text.HAL_ADC_Init)
    HAL_ADC_LevelOutOfWindowCallback         0x080009fd   Thumb Code     2  stm32l0xx_hal_adc.o(.text.HAL_ADC_LevelOutOfWindowCallback)
    HAL_ADC_MspInit                          0x08000a01   Thumb Code    96  stm32l0xx_hal_msp.o(.text.HAL_ADC_MspInit)
    HAL_ADC_Start_IT                         0x08000a69   Thumb Code   112  stm32l0xx_hal_adc.o(.text.HAL_ADC_Start_IT)
    HAL_ADC_Stop                             0x08000add   Thumb Code    62  stm32l0xx_hal_adc.o(.text.HAL_ADC_Stop)
    HAL_Delay                                0x08000b1d   Thumb Code    32  stm32l0xx_hal.o(.text.HAL_Delay)
    HAL_GPIO_Init                            0x08000b3d   Thumb Code   396  stm32l0xx_hal_gpio.o(.text.HAL_GPIO_Init)
    HAL_GPIO_WritePin                        0x08000cd9   Thumb Code    16  stm32l0xx_hal_gpio.o(.text.HAL_GPIO_WritePin)
    HAL_GetTick                              0x08000ce9   Thumb Code     8  stm32l0xx_hal.o(.text.HAL_GetTick)
    HAL_IncTick                              0x08000cf1   Thumb Code    16  stm32l0xx_hal.o(.text.HAL_IncTick)
    HAL_Init                                 0x08000d05   Thumb Code    36  stm32l0xx_hal.o(.text.HAL_Init)
    HAL_InitTick                             0x08000d2d   Thumb Code    60  stm32l0xx_hal.o(.text.HAL_InitTick)
    HAL_MspInit                              0x08000d75   Thumb Code    20  stm32l0xx_hal_msp.o(.text.HAL_MspInit)
    HAL_NVIC_EnableIRQ                       0x08000d8d   Thumb Code    20  stm32l0xx_hal_cortex.o(.text.HAL_NVIC_EnableIRQ)
    HAL_NVIC_SetPriority                     0x08000da5   Thumb Code    48  stm32l0xx_hal_cortex.o(.text.HAL_NVIC_SetPriority)
    HAL_PWR_EnableBkUpAccess                 0x08000ddd   Thumb Code    16  stm32l0xx_hal_pwr.o(.text.HAL_PWR_EnableBkUpAccess)
    HAL_RCCEx_EnableLSECSS                   0x08000ded   Thumb Code    16  stm32l0xx_hal_rcc_ex.o(.text.HAL_RCCEx_EnableLSECSS)
    HAL_RCCEx_PeriphCLKConfig                0x08000dfd   Thumb Code   364  stm32l0xx_hal_rcc_ex.o(.text.HAL_RCCEx_PeriphCLKConfig)
    HAL_RCC_ClockConfig                      0x08000f71   Thumb Code   516  stm32l0xx_hal_rcc.o(.text.HAL_RCC_ClockConfig)
    HAL_RCC_OscConfig                        0x0800119d   Thumb Code  1244  stm32l0xx_hal_rcc.o(.text.HAL_RCC_OscConfig)
    HAL_RTCEx_AlarmBEventCallback            0x080016a1   Thumb Code     2  stm32l0xx_hal_rtc_ex.o(.text.HAL_RTCEx_AlarmBEventCallback)
    HAL_RTC_AlarmAEventCallback              0x080016a5   Thumb Code    16  main.o(.text.HAL_RTC_AlarmAEventCallback)
    HAL_RTC_AlarmIRQHandler                  0x080016b9   Thumb Code    84  stm32l0xx_hal_rtc.o(.text.HAL_RTC_AlarmIRQHandler)
    HAL_RTC_Init                             0x08001711   Thumb Code   284  stm32l0xx_hal_rtc.o(.text.HAL_RTC_Init)
    HAL_RTC_MspInit                          0x08001831   Thumb Code    44  stm32l0xx_hal_msp.o(.text.HAL_RTC_MspInit)
    HAL_RTC_SetAlarm_IT                      0x08001865   Thumb Code   472  stm32l0xx_hal_rtc.o(.text.HAL_RTC_SetAlarm_IT)
    HAL_RTC_SetDate                          0x08001a4d   Thumb Code   364  stm32l0xx_hal_rtc.o(.text.HAL_RTC_SetDate)
    HAL_RTC_SetTime                          0x08001bbd   Thumb Code   400  stm32l0xx_hal_rtc.o(.text.HAL_RTC_SetTime)
    HAL_SPI_Init                             0x08001d55   Thumb Code   190  stm32l0xx_hal_spi.o(.text.HAL_SPI_Init)
    HAL_SPI_MspInit                          0x08001e15   Thumb Code    84  stm32l0xx_hal_msp.o(.text.HAL_SPI_MspInit)
    HAL_SPI_Transmit                         0x08001e71   Thumb Code   416  stm32l0xx_hal_spi.o(.text.HAL_SPI_Transmit)
    HAL_SYSTICK_Config                       0x08002015   Thumb Code    40  stm32l0xx_hal_cortex.o(.text.HAL_SYSTICK_Config)
    HardFault_Handler                        0x08002049   Thumb Code     2  stm32l0xx_it.o(.text.HardFault_Handler)
    LCD_Command                              0x0800204d   Thumb Code    56  ssd1331.o(.text.LCD_Command)
    LCD_Font                                 0x08002089   Thumb Code   414  ssd1331.o(.text.LCD_Font)
    LCD_Rect_Fill                            0x08002227   Thumb Code    26  ssd1331.o(.text.LCD_Rect_Fill)
    NMI_Handler                              0x08002241   Thumb Code     2  stm32l0xx_it.o(.text.NMI_Handler)
    PendSV_Handler                           0x08002243   Thumb Code     2  stm32l0xx_it.o(.text.PendSV_Handler)
    RTC_IRQHandler                           0x08002245   Thumb Code    12  stm32l0xx_it.o(.text.RTC_IRQHandler)
    SSD1331_Frame                            0x0800231d   Thumb Code   548  ssd1331.o(.text.SSD1331_Frame)
    SSD1331_Init                             0x08002545   Thumb Code  1492  ssd1331.o(.text.SSD1331_Init)
    SSD1331_clearWindow                      0x08002b1d   Thumb Code   216  ssd1331.o(.text.SSD1331_clearWindow)
    SVC_Handler                              0x08002bf9   Thumb Code     2  stm32l0xx_it.o(.text.SVC_Handler)
    Screen_SetTime                           0x08002bfd   Thumb Code   148  main.o(.text.Screen_SetTime)
    SysTick_Handler                          0x08002cad   Thumb Code     8  stm32l0xx_it.o(.text.SysTick_Handler)
    SystemClock_Config                       0x08002cb5   Thumb Code   180  main.o(.text.SystemClock_Config)
    SystemInit                               0x08002d75   Thumb Code     2  system_stm32l0xx.o(.text.SystemInit)
    main                                     0x08002d79   Thumb Code   640  main.o(.text.main)
    __aeabi_uidiv                            0x08003035   Thumb Code    68  aeabi_sdivfast.o(.text_divfast)
    __aeabi_idiv                             0x08003079   Thumb Code   434  aeabi_sdivfast.o(.text_divfast)
    AHBPrescTable                            0x0800322a   Data          16  system_stm32l0xx.o(.rodata.AHBPrescTable)
    Font_9_Serif                             0x0800323c   Data          12  main.o(.rodata.Font_9_Serif)
    Font_9_SerifBitmaps                      0x08003248   Data        1080  main.o(.rodata.Font_9_SerifBitmaps)
    Font_9_SerifGlyphs                       0x08003680   Data         760  main.o(.rodata.Font_9_SerifGlyphs)
    PLLMulTable                              0x08003978   Data           9  system_stm32l0xx.o(.rodata.PLLMulTable)
    Region$$Table$$Base                      0x08003984   Number         0  anon$$obj.o(Region$$Table)
    Region$$Table$$Limit                     0x080039a4   Number         0  anon$$obj.o(Region$$Table)
    SystemCoreClock                          0x20000000   Data           4  system_stm32l0xx.o(.data.SystemCoreClock)
    uwTickFreq                               0x20000004   Data           1  stm32l0xx_hal.o(.data.uwTickFreq)
    uwTickPrio                               0x20000008   Data           4  stm32l0xx_hal.o(.data.uwTickPrio)
    __libspace_start                         0x20000010   Data          96  libspace.o(.bss)
    ADC_WDG_SET                              0x20000070   Data           1  main.o(.bss.ADC_WDG_SET)
    __temporary_stack_top$libspace           0x20000070   Data           0  libspace.o(.bss)
    ADC_value                                0x20000072   Data           2  main.o(.bss.ADC_value)
    LED_OFF                                  0x20000074   Data           1  main.o(.bss.LED_OFF)
    RTC_WAKEUP_SET                           0x20000075   Data           1  main.o(.bss.RTC_WAKEUP_SET)
    hadc                                     0x20000078   Data          92  main.o(.bss.hadc)
    hrtc                                     0x200000d4   Data          36  main.o(.bss.hrtc)
    hspi1                                    0x200000f8   Data          88  main.o(.bss.hspi1)
    time_min                                 0x20000150   Data           4  main.o(.bss.time_min)
    time_sec                                 0x20000154   Data           4  main.o(.bss.time_sec)
    uwTick                                   0x20000158   Data           4  stm32l0xx_hal.o(.bss.uwTick)



==============================================================================

Memory Map of the image

  Image Entry point : 0x080000c1

  Load Region LR_IROM1 (Base: 0x08000000, Size: 0x000039b8, Max: 0x00004000, ABSOLUTE)

    Execution Region ER_IROM1 (Exec base: 0x08000000, Load base: 0x08000000, Size: 0x000039a4, Max: 0x00004000, ABSOLUTE)

    Exec Addr    Load Addr    Size         Type   Attr      Idx    E Section Name        Object

    0x08000000   0x08000000   0x000000c0   Data   RO            3    RESET               startup_stm32l011xx.o
    0x080000c0   0x080000c0   0x00000008   Code   RO         1197  * !!!main             c_p.l(__main.o)
    0x080000c8   0x080000c8   0x0000003c   Code   RO         1385    !!!scatter          c_p.l(__scatter.o)
    0x08000104   0x08000104   0x0000001a   Code   RO         1387    !!handler_copy      c_p.l(__scatter_copy.o)
    0x0800011e   0x0800011e   0x00000002   PAD
    0x08000120   0x08000120   0x0000001c   Code   RO         1389    !!handler_zi        c_p.l(__scatter_zi.o)
    0x0800013c   0x0800013c   0x00000002   Code   RO         1178    .ARM.Collect$$_printf_percent$$00000000  c_p.l(_printf_percent.o)
    0x0800013e   0x0800013e   0x0000000a   Code   RO         1177    .ARM.Collect$$_printf_percent$$00000009  c_p.l(_printf_d.o)
    0x08000148   0x08000148   0x00000004   Code   RO         1210    .ARM.Collect$$_printf_percent$$00000017  c_p.l(_printf_percent_end.o)
    0x0800014c   0x0800014c   0x00000002   Code   RO         1246    .ARM.Collect$$libinit$$00000000  c_p.l(libinit.o)
    0x0800014e   0x0800014e   0x00000000   Code   RO         1260    .ARM.Collect$$libinit$$00000002  c_p.l(libinit2.o)
    0x0800014e   0x0800014e   0x00000000   Code   RO         1262    .ARM.Collect$$libinit$$00000004  c_p.l(libinit2.o)
    0x0800014e   0x0800014e   0x00000000   Code   RO         1264    .ARM.Collect$$libinit$$00000006  c_p.l(libinit2.o)
    0x0800014e   0x0800014e   0x00000000   Code   RO         1267    .ARM.Collect$$libinit$$0000000C  c_p.l(libinit2.o)
    0x0800014e   0x0800014e   0x00000000   Code   RO         1269    .ARM.Collect$$libinit$$0000000E  c_p.l(libinit2.o)
    0x0800014e   0x0800014e   0x00000000   Code   RO         1271    .ARM.Collect$$libinit$$00000010  c_p.l(libinit2.o)
    0x0800014e   0x0800014e   0x00000000   Code   RO         1274    .ARM.Collect$$libinit$$00000013  c_p.l(libinit2.o)
    0x0800014e   0x0800014e   0x00000000   Code   RO         1276    .ARM.Collect$$libinit$$00000015  c_p.l(libinit2.o)
    0x0800014e   0x0800014e   0x00000000   Code   RO         1278    .ARM.Collect$$libinit$$00000017  c_p.l(libinit2.o)
    0x0800014e   0x0800014e   0x00000000   Code   RO         1280    .ARM.Collect$$libinit$$00000019  c_p.l(libinit2.o)
    0x0800014e   0x0800014e   0x00000000   Code   RO         1282    .ARM.Collect$$libinit$$0000001B  c_p.l(libinit2.o)
    0x0800014e   0x0800014e   0x00000000   Code   RO         1284    .ARM.Collect$$libinit$$0000001D  c_p.l(libinit2.o)
    0x0800014e   0x0800014e   0x00000000   Code   RO         1286    .ARM.Collect$$libinit$$0000001F  c_p.l(libinit2.o)
    0x0800014e   0x0800014e   0x00000000   Code   RO         1288    .ARM.Collect$$libinit$$00000021  c_p.l(libinit2.o)
    0x0800014e   0x0800014e   0x00000000   Code   RO         1290    .ARM.Collect$$libinit$$00000023  c_p.l(libinit2.o)
    0x0800014e   0x0800014e   0x00000000   Code   RO         1292    .ARM.Collect$$libinit$$00000025  c_p.l(libinit2.o)
    0x0800014e   0x0800014e   0x00000000   Code   RO         1294    .ARM.Collect$$libinit$$00000027  c_p.l(libinit2.o)
    0x0800014e   0x0800014e   0x00000000   Code   RO         1298    .ARM.Collect$$libinit$$0000002E  c_p.l(libinit2.o)
    0x0800014e   0x0800014e   0x00000000   Code   RO         1300    .ARM.Collect$$libinit$$00000030  c_p.l(libinit2.o)
    0x0800014e   0x0800014e   0x00000000   Code   RO         1302    .ARM.Collect$$libinit$$00000032  c_p.l(libinit2.o)
    0x0800014e   0x0800014e   0x00000000   Code   RO         1304    .ARM.Collect$$libinit$$00000034  c_p.l(libinit2.o)
    0x0800014e   0x0800014e   0x00000002   Code   RO         1305    .ARM.Collect$$libinit$$00000035  c_p.l(libinit2.o)
    0x08000150   0x08000150   0x00000002   Code   RO         1340    .ARM.Collect$$libshutdown$$00000000  c_p.l(libshutdown.o)
    0x08000152   0x08000152   0x00000000   Code   RO         1368    .ARM.Collect$$libshutdown$$00000002  c_p.l(libshutdown2.o)
    0x08000152   0x08000152   0x00000000   Code   RO         1370    .ARM.Collect$$libshutdown$$00000004  c_p.l(libshutdown2.o)
    0x08000152   0x08000152   0x00000000   Code   RO         1373    .ARM.Collect$$libshutdown$$00000007  c_p.l(libshutdown2.o)
    0x08000152   0x08000152   0x00000000   Code   RO         1376    .ARM.Collect$$libshutdown$$0000000A  c_p.l(libshutdown2.o)
    0x08000152   0x08000152   0x00000000   Code   RO         1378    .ARM.Collect$$libshutdown$$0000000C  c_p.l(libshutdown2.o)
    0x08000152   0x08000152   0x00000000   Code   RO         1381    .ARM.Collect$$libshutdown$$0000000F  c_p.l(libshutdown2.o)
    0x08000152   0x08000152   0x00000002   Code   RO         1382    .ARM.Collect$$libshutdown$$00000010  c_p.l(libshutdown2.o)
    0x08000154   0x08000154   0x00000000   Code   RO         1199    .ARM.Collect$$rtentry$$00000000  c_p.l(__rtentry.o)
    0x08000154   0x08000154   0x00000000   Code   RO         1214    .ARM.Collect$$rtentry$$00000002  c_p.l(__rtentry2.o)
    0x08000154   0x08000154   0x00000006   Code   RO         1226    .ARM.Collect$$rtentry$$00000004  c_p.l(__rtentry4.o)
    0x0800015a   0x0800015a   0x00000000   Code   RO         1216    .ARM.Collect$$rtentry$$00000009  c_p.l(__rtentry2.o)
    0x0800015a   0x0800015a   0x00000004   Code   RO         1217    .ARM.Collect$$rtentry$$0000000A  c_p.l(__rtentry2.o)
    0x0800015e   0x0800015e   0x00000000   Code   RO         1219    .ARM.Collect$$rtentry$$0000000C  c_p.l(__rtentry2.o)
    0x0800015e   0x0800015e   0x00000008   Code   RO         1220    .ARM.Collect$$rtentry$$0000000D  c_p.l(__rtentry2.o)
    0x08000166   0x08000166   0x00000002   Code   RO         1251    .ARM.Collect$$rtexit$$00000000  c_p.l(rtexit.o)
    0x08000168   0x08000168   0x00000000   Code   RO         1311    .ARM.Collect$$rtexit$$00000002  c_p.l(rtexit2.o)
    0x08000168   0x08000168   0x00000004   Code   RO         1312    .ARM.Collect$$rtexit$$00000003  c_p.l(rtexit2.o)
    0x0800016c   0x0800016c   0x00000006   Code   RO         1313    .ARM.Collect$$rtexit$$00000004  c_p.l(rtexit2.o)
    0x08000172   0x08000172   0x00000002   PAD
    0x08000174   0x08000174   0x00000074   Code   RO            4    .text               startup_stm32l011xx.o
    0x080001e8   0x080001e8   0x00000028   Code   RO         1151    .text               c_p.l(noretval__2sprintf.o)
    0x08000210   0x08000210   0x0000006c   Code   RO         1153    .text               c_p.l(__printf.o)
    0x0800027c   0x0800027c   0x0000006c   Code   RO         1155    .text               c_p.l(_printf_dec.o)
    0x080002e8   0x080002e8   0x00000044   Code   RO         1179    .text               c_p.l(strlen.o)
    0x0800032c   0x0800032c   0x00000040   Code   RO         1185    .text               c_p.l(rt_memclr.o)
    0x0800036c   0x0800036c   0x00000006   Code   RO         1195    .text               c_p.l(heapauxi.o)
    0x08000372   0x08000372   0x000000b0   Code   RO         1204    .text               c_p.l(_printf_intcommon.o)
    0x08000422   0x08000422   0x00000002   PAD
    0x08000424   0x08000424   0x00000030   Code   RO         1206    .text               c_p.l(_printf_char_common.o)
    0x08000454   0x08000454   0x0000000a   Code   RO         1208    .text               c_p.l(_sputc.o)
    0x0800045e   0x0800045e   0x00000028   Code   RO         1211    .text               c_p.l(rtudiv10.o)
    0x08000486   0x08000486   0x0000003e   Code   RO         1232    .text               c_p.l(sys_stackheap_outer.o)
    0x080004c4   0x080004c4   0x00000010   Code   RO         1235    .text               c_p.l(exit.o)
    0x080004d4   0x080004d4   0x00000008   Code   RO         1247    .text               c_p.l(libspace.o)
    0x080004dc   0x080004dc   0x0000000c   Code   RO         1306    .text               c_p.l(sys_exit.o)
    0x080004e8   0x080004e8   0x00000002   Code   RO         1329    .text               c_p.l(use_no_semi.o)
    0x080004ea   0x080004ea   0x00000000   Code   RO         1331    .text               c_p.l(indicate_semi.o)
    0x080004ea   0x080004ea   0x00000002   PAD
    0x080004ec   0x080004ec   0x00000010   Code   RO          118    .text.ADC1_COMP_IRQHandler  stm32l0xx_it.o
    0x080004fc   0x080004fc   0x0000005a   Code   RO          155    .text.ADC_ConversionStop  stm32l0xx_hal_adc.o
    0x08000556   0x08000556   0x00000060   Code   RO          157    .text.ADC_Disable   stm32l0xx_hal_adc.o
    0x080005b6   0x080005b6   0x00000002   PAD
    0x080005b8   0x080005b8   0x00000088   Code   RO          163    .text.ADC_Enable    stm32l0xx_hal_adc.o
    0x08000640   0x08000640   0x000000bc   Code   RO          197    .text.HAL_ADC_ConfigChannel  stm32l0xx_hal_adc.o
    0x080006fc   0x080006fc   0x00000034   Code   RO           79    .text.HAL_ADC_ConvCpltCallback  main.o
    0x08000730   0x08000730   0x00000002   Code   RO          193    .text.HAL_ADC_ErrorCallback  stm32l0xx_hal_adc.o
    0x08000732   0x08000732   0x00000006   Code   RO          185    .text.HAL_ADC_GetValue  stm32l0xx_hal_adc.o
    0x08000738   0x08000738   0x00000120   Code   RO          187    .text.HAL_ADC_IRQHandler  stm32l0xx_hal_adc.o
    0x08000858   0x08000858   0x000001a4   Code   RO          149    .text.HAL_ADC_Init  stm32l0xx_hal_adc.o
    0x080009fc   0x080009fc   0x00000002   Code   RO          191    .text.HAL_ADC_LevelOutOfWindowCallback  stm32l0xx_hal_adc.o
    0x080009fe   0x080009fe   0x00000002   PAD
    0x08000a00   0x08000a00   0x00000068   Code   RO          129    .text.HAL_ADC_MspInit  stm32l0xx_hal_msp.o
    0x08000a68   0x08000a68   0x00000074   Code   RO          171    .text.HAL_ADC_Start_IT  stm32l0xx_hal_adc.o
    0x08000adc   0x08000adc   0x0000003e   Code   RO          165    .text.HAL_ADC_Stop  stm32l0xx_hal_adc.o
    0x08000b1a   0x08000b1a   0x00000002   PAD
    0x08000b1c   0x08000b1c   0x00000020   Code   RO          255    .text.HAL_Delay     stm32l0xx_hal.o
    0x08000b3c   0x08000b3c   0x0000019c   Code   RO          623    .text.HAL_GPIO_Init  stm32l0xx_hal_gpio.o
    0x08000cd8   0x08000cd8   0x00000010   Code   RO          629    .text.HAL_GPIO_WritePin  stm32l0xx_hal_gpio.o
    0x08000ce8   0x08000ce8   0x00000008   Code   RO          247    .text.HAL_GetTick   stm32l0xx_hal.o
    0x08000cf0   0x08000cf0   0x00000014   Code   RO          245    .text.HAL_IncTick   stm32l0xx_hal.o
    0x08000d04   0x08000d04   0x00000028   Code   RO          235    .text.HAL_Init      stm32l0xx_hal.o
    0x08000d2c   0x08000d2c   0x00000048   Code   RO          237    .text.HAL_InitTick  stm32l0xx_hal.o
    0x08000d74   0x08000d74   0x00000018   Code   RO          127    .text.HAL_MspInit   stm32l0xx_hal_msp.o
    0x08000d8c   0x08000d8c   0x00000018   Code   RO          745    .text.HAL_NVIC_EnableIRQ  stm32l0xx_hal_cortex.o
    0x08000da4   0x08000da4   0x00000038   Code   RO          743    .text.HAL_NVIC_SetPriority  stm32l0xx_hal_cortex.o
    0x08000ddc   0x08000ddc   0x00000010   Code   RO          681    .text.HAL_PWR_EnableBkUpAccess  stm32l0xx_hal_pwr.o
    0x08000dec   0x08000dec   0x00000010   Code   RO          514    .text.HAL_RCCEx_EnableLSECSS  stm32l0xx_hal_rcc_ex.o
    0x08000dfc   0x08000dfc   0x00000174   Code   RO          508    .text.HAL_RCCEx_PeriphCLKConfig  stm32l0xx_hal_rcc_ex.o
    0x08000f70   0x08000f70   0x0000022c   Code   RO          486    .text.HAL_RCC_ClockConfig  stm32l0xx_hal_rcc.o
    0x0800119c   0x0800119c   0x00000504   Code   RO          482    .text.HAL_RCC_OscConfig  stm32l0xx_hal_rcc.o
    0x080016a0   0x080016a0   0x00000002   Code   RO          923    .text.HAL_RTCEx_AlarmBEventCallback  stm32l0xx_hal_rtc_ex.o
    0x080016a2   0x080016a2   0x00000002   PAD
    0x080016a4   0x080016a4   0x00000014   Code   RO           81    .text.HAL_RTC_AlarmAEventCallback  main.o
    0x080016b8   0x080016b8   0x00000058   Code   RO          833    .text.HAL_RTC_AlarmIRQHandler  stm32l0xx_hal_rtc.o
    0x08001710   0x08001710   0x00000120   Code   RO          801    .text.HAL_RTC_Init  stm32l0xx_hal_rtc.o
    0x08001830   0x08001830   0x00000034   Code   RO          133    .text.HAL_RTC_MspInit  stm32l0xx_hal_msp.o
    0x08001864   0x08001864   0x000001e8   Code   RO          827    .text.HAL_RTC_SetAlarm_IT  stm32l0xx_hal_rtc.o
    0x08001a4c   0x08001a4c   0x00000170   Code   RO          821    .text.HAL_RTC_SetDate  stm32l0xx_hal_rtc.o
    0x08001bbc   0x08001bbc   0x00000198   Code   RO          813    .text.HAL_RTC_SetTime  stm32l0xx_hal_rtc.o
    0x08001d54   0x08001d54   0x000000be   Code   RO          935    .text.HAL_SPI_Init  stm32l0xx_hal_spi.o
    0x08001e12   0x08001e12   0x00000002   PAD
    0x08001e14   0x08001e14   0x0000005c   Code   RO          137    .text.HAL_SPI_MspInit  stm32l0xx_hal_msp.o
    0x08001e70   0x08001e70   0x000001a4   Code   RO          943    .text.HAL_SPI_Transmit  stm32l0xx_hal_spi.o
    0x08002014   0x08002014   0x00000034   Code   RO          751    .text.HAL_SYSTICK_Config  stm32l0xx_hal_cortex.o
    0x08002048   0x08002048   0x00000002   Code   RO          108    .text.HardFault_Handler  stm32l0xx_it.o
    0x0800204a   0x0800204a   0x00000002   PAD
    0x0800204c   0x0800204c   0x0000003c   Code   RO           13    .text.LCD_Command   ssd1331.o
    0x08002088   0x08002088   0x0000019e   Code   RO           39    .text.LCD_Font      ssd1331.o
    0x08002226   0x08002226   0x0000001a   Code   RO           17    .text.LCD_Rect_Fill  ssd1331.o
    0x08002240   0x08002240   0x00000002   Code   RO          106    .text.NMI_Handler   stm32l0xx_it.o
    0x08002242   0x08002242   0x00000002   Code   RO          112    .text.PendSV_Handler  stm32l0xx_it.o
    0x08002244   0x08002244   0x00000010   Code   RO          116    .text.RTC_IRQHandler  stm32l0xx_it.o
    0x08002254   0x08002254   0x000000c8   Code   RO         1041    .text.SPI_WaitFlagStateUntilTimeout  stm32l0xx_hal_spi.o
    0x0800231c   0x0800231c   0x00000228   Code   RO           15    .text.SSD1331_Frame  ssd1331.o
    0x08002544   0x08002544   0x000005d8   Code   RO           57    .text.SSD1331_Init  ssd1331.o
    0x08002b1c   0x08002b1c   0x000000dc   Code   RO           47    .text.SSD1331_clearWindow  ssd1331.o
    0x08002bf8   0x08002bf8   0x00000002   Code   RO          110    .text.SVC_Handler   stm32l0xx_it.o
    0x08002bfa   0x08002bfa   0x00000002   PAD
    0x08002bfc   0x08002bfc   0x000000b0   Code   RO           75    .text.Screen_SetTime  main.o
    0x08002cac   0x08002cac   0x00000008   Code   RO          114    .text.SysTick_Handler  stm32l0xx_it.o
    0x08002cb4   0x08002cb4   0x000000c0   Code   RO           69    .text.SystemClock_Config  main.o
    0x08002d74   0x08002d74   0x00000002   Code   RO         1053    .text.SystemInit    system_stm32l0xx.o
    0x08002d76   0x08002d76   0x00000002   PAD
    0x08002d78   0x08002d78   0x000002bc   Code   RO           67    .text.main          main.o
    0x08003034   0x08003034   0x000001f6   Code   RO         1188    .text_divfast       c_p.l(aeabi_sdivfast.o)
    0x0800322a   0x0800322a   0x00000010   Data   RO         1058    .rodata.AHBPrescTable  system_stm32l0xx.o
    0x0800323a   0x0800323a   0x00000002   PAD
    0x0800323c   0x0800323c   0x0000000c   Data   RO           87    .rodata.Font_9_Serif  main.o
    0x08003248   0x08003248   0x00000438   Data   RO           85    .rodata.Font_9_SerifBitmaps  main.o
    0x08003680   0x08003680   0x000002f8   Data   RO           86    .rodata.Font_9_SerifGlyphs  main.o
    0x08003978   0x08003978   0x00000009   Data   RO         1060    .rodata.PLLMulTable  system_stm32l0xx.o
    0x08003981   0x08003981   0x00000003   PAD
    0x08003984   0x08003984   0x00000020   Data   RO         1384    Region$$Table       anon$$obj.o


    Execution Region RW_IRAM1 (Exec base: 0x20000000, Load base: 0x080039a8, Size: 0x00000760, Max: 0x00000800, ABSOLUTE)

    Exec Addr    Load Addr    Size         Type   Attr      Idx    E Section Name        Object

    0x20000000   0x080039a8   0x00000004   Data   RW         1057    .data.SystemCoreClock  system_stm32l0xx.o
    0x20000004   0x080039ac   0x00000001   Data   RW          298    .data.uwTickFreq    stm32l0xx_hal.o
    0x20000005   0x080039ad   0x00000003   PAD
    0x20000008   0x080039b0   0x00000004   Data   RW          297    .data.uwTickPrio    stm32l0xx_hal.o
    0x2000000c   0x080039b4   0x00000004   PAD
    0x20000010        -       0x00000060   Zero   RW         1248    .bss                c_p.l(libspace.o)
    0x20000070        -       0x00000001   Zero   RW           88    .bss.ADC_WDG_SET    main.o
    0x20000071   0x080039b4   0x00000001   PAD
    0x20000072        -       0x00000002   Zero   RW           93    .bss.ADC_value      main.o
    0x20000074        -       0x00000001   Zero   RW           90    .bss.LED_OFF        main.o
    0x20000075        -       0x00000001   Zero   RW           89    .bss.RTC_WAKEUP_SET  main.o
    0x20000076   0x080039b4   0x00000002   PAD
    0x20000078        -       0x0000005c   Zero   RW           94    .bss.hadc           main.o
    0x200000d4        -       0x00000024   Zero   RW           95    .bss.hrtc           main.o
    0x200000f8        -       0x00000058   Zero   RW           96    .bss.hspi1          main.o
    0x20000150        -       0x00000004   Zero   RW           91    .bss.time_min       main.o
    0x20000154        -       0x00000004   Zero   RW           92    .bss.time_sec       main.o
    0x20000158        -       0x00000004   Zero   RW          299    .bss.uwTick         stm32l0xx_hal.o
    0x2000015c   0x080039b4   0x00000004   PAD
    0x20000160        -       0x00000200   Zero   RW            2    HEAP                startup_stm32l011xx.o
    0x20000360        -       0x00000400   Zero   RW            1    STACK               startup_stm32l011xx.o


==============================================================================

Image component sizes


      Code (inc. data)   RO Data    RW Data    ZI Data      Debug   Object Name

      1140        120       1852          0        229      11492   main.o
      2768         20          0          0          0      37558   ssd1331.o
       116         56        192          0       1536        680   startup_stm32l011xx.o
       172         20          0          5          4       6626   stm32l0xx_hal.o
      1406         32          0          0          0      12172   stm32l0xx_hal_adc.o
       132         24          0          0          0       5370   stm32l0xx_hal_cortex.o
       428         16          0          0          0       5111   stm32l0xx_hal_gpio.o
       272         28          0          0          0       7905   stm32l0xx_hal_msp.o
        16          0          0          0          0       4506   stm32l0xx_hal_pwr.o
      1840         96          0          0          0       8797   stm32l0xx_hal_rcc.o
       388          8          0          0          0       4726   stm32l0xx_hal_rcc_ex.o
      1640         36          0          0          0      16144   stm32l0xx_hal_rtc.o
         2          0          0          0          0      14140   stm32l0xx_hal_rtc_ex.o
       810          8          0          0          0      23862   stm32l0xx_hal_spi.o
        48          8          0          0          0       1491   stm32l0xx_it.o
         2          0         25          4          0       2191   system_stm32l0xx.o

    ----------------------------------------------------------------------
     11196        472       2106         12       1780     162771   Object Totals
         0          0         32          0          0          0   (incl. Generated)
        16          0          5          3         11          0   (incl. Padding)

    ----------------------------------------------------------------------

      Code (inc. data)   RO Data    RW Data    ZI Data      Debug   Library Member Name

         8          0          0          0          0         68   __main.o
       108          0          0          0          0         76   __printf.o
         0          0          0          0          0          0   __rtentry.o
        12          0          0          0          0          0   __rtentry2.o
         6          0          0          0          0          0   __rtentry4.o
        60          8          0          0          0          0   __scatter.o
        26          0          0          0          0          0   __scatter_copy.o
        28          0          0          0          0          0   __scatter_zi.o
        48          6          0          0          0         88   _printf_char_common.o
        10          0          0          0          0          0   _printf_d.o
       108         18          0          0          0         76   _printf_dec.o
       176          0          0          0          0         84   _printf_intcommon.o
         2          0          0          0          0          0   _printf_percent.o
         4          0          0          0          0          0   _printf_percent_end.o
        10          0          0          0          0         60   _sputc.o
       502          0          0          0          0         92   aeabi_sdivfast.o
        16          0          0          0          0         68   exit.o
         6          0          0          0          0        136   heapauxi.o
         0          0          0          0          0          0   indicate_semi.o
         2          0          0          0          0          0   libinit.o
         2          0          0          0          0          0   libinit2.o
         2          0          0          0          0          0   libshutdown.o
         2          0          0          0          0          0   libshutdown2.o
         8          4          0          0         96         68   libspace.o
        40          4          0          0          0         84   noretval__2sprintf.o
        64          0          0          0          0        108   rt_memclr.o
         2          0          0          0          0          0   rtexit.o
        10          0          0          0          0          0   rtexit2.o
        40          0          0          0          0         60   rtudiv10.o
        68          6          0          0          0         72   strlen.o
        12          4          0          0          0         60   sys_exit.o
        62          0          0          0          0         80   sys_stackheap_outer.o
         2          0          0          0          0         68   use_no_semi.o

    ----------------------------------------------------------------------
      1454         50          0          0         96       1348   Library Totals
         8          0          0          0          0          0   (incl. Padding)

    ----------------------------------------------------------------------

      Code (inc. data)   RO Data    RW Data    ZI Data      Debug   Library Name

      1446         50          0          0         96       1348   c_p.l

    ----------------------------------------------------------------------
      1454         50          0          0         96       1348   Library Totals

    ----------------------------------------------------------------------

==============================================================================


      Code (inc. data)   RO Data    RW Data    ZI Data      Debug   

     12650        522       2106         12       1876     163299   Grand Totals
     12650        522       2106         12       1876     163299   ELF Image Totals
     12650        522       2106         12          0          0   ROM Totals

==============================================================================

    Total RO  Size (Code + RO Data)                14756 (  14.41kB)
    Total RW  Size (RW Data + ZI Data)              1888 (   1.84kB)
    Total ROM Size (Code + RO Data + RW Data)      14768 (  14.42kB)

==============================================================================

